******************************************************************************
                  MSP430 Linker PC v4.4.6                      
******************************************************************************
>> Linked Sat Mar 05 17:59:03 2016

OUTPUT FILE NAME:   <LampDimmerControl.out>
ENTRY POINT SYMBOL: "_c_int00_noargs_noexit"  address: 0000c9be


MEMORY CONFIGURATION

         name            origin    length      used     unused   attr    fill
----------------------  --------  ---------  --------  --------  ----  --------
  SFR                   00000000   00000010  00000000  00000010  RWIX
  PERIPHERALS_8BIT      00000010   000000f0  00000000  000000f0  RWIX
  PERIPHERALS_16BIT     00000100   00000100  00000000  00000100  RWIX
  RAM                   00000200   00000200  000000cb  00000135  RWIX
  INFOD                 00001000   00000040  00000000  00000040  RWIX
  INFOC                 00001040   00000040  00000000  00000040  RWIX
  INFOB                 00001080   00000040  00000000  00000040  RWIX
  INFOA                 000010c0   00000040  00000000  00000040  RWIX
  FLASH                 0000c000   00003fde  00000d24  000032ba  RWIX
  BSLSIGNATURE          0000ffde   00000002  00000002  00000000  RWIX  ffff 
  INT00                 0000ffe0   00000002  00000002  00000000  RWIX
  INT01                 0000ffe2   00000002  00000000  00000002  RWIX
  INT02                 0000ffe4   00000002  00000002  00000000  RWIX
  INT03                 0000ffe6   00000002  00000002  00000000  RWIX
  INT04                 0000ffe8   00000002  00000000  00000002  RWIX
  INT05                 0000ffea   00000002  00000002  00000000  RWIX
  INT06                 0000ffec   00000002  00000002  00000000  RWIX
  INT07                 0000ffee   00000002  00000002  00000000  RWIX
  INT08                 0000fff0   00000002  00000002  00000000  RWIX
  INT09                 0000fff2   00000002  00000002  00000000  RWIX
  INT10                 0000fff4   00000002  00000002  00000000  RWIX
  INT11                 0000fff6   00000002  00000002  00000000  RWIX
  INT12                 0000fff8   00000002  00000002  00000000  RWIX
  INT13                 0000fffa   00000002  00000002  00000000  RWIX
  INT14                 0000fffc   00000002  00000002  00000000  RWIX
  RESET                 0000fffe   00000002  00000002  00000000  RWIX


SECTION ALLOCATION MAP

 output                                  attributes/
section   page    origin      length       input sections
--------  ----  ----------  ----------   ----------------
.data      0    00000200    00000076     UNINITIALIZED
                  00000200    00000020     EncodersAndButtons.obj (.data:msg$1)
                  00000220    00000020     EncodersAndButtons.obj (.data:msg$2)
                  00000240    00000020     main.obj (.data:pString)
                  00000260    0000000c     EncodersAndButtons.obj (.data)
                  0000026c    00000003     UartAndClock.obj (.data)
                  0000026f    00000001     --HOLE--
                  00000270    00000003     main.obj (.data)
                  00000273    00000001     --HOLE--
                  00000274    00000002     rts430_eabi.lib : strtok.obj (.data)

.bss       0    00000276    00000005     UNINITIALIZED
                  00000276    00000002     (.common:rx_flag)
                  00000278    00000002     (.common:tx_flag)
                  0000027a    00000001     (.common:tx_char)

.TI.persistent 
*          0    00000200    00000000     UNINITIALIZED

.stack     0    000003b0    00000050     UNINITIALIZED
                  000003b0    00000002     rts430_eabi.lib : boot.obj (.stack)
                  000003b2    0000004e     --HOLE--

.text      0    0000c000    00000b66     
                  0000c000    00000116     rts430_eabi.lib : _printfi_min.obj (.text:_setfield)
                  0000c116    000000ce     main.obj (.text:main)
                  0000c1e4    000000ca     rts430_eabi.lib : _printfi_min.obj (.text:__TI_printfi_minimal)
                  0000c2ae    0000008a     UartAndClock.obj (.text:setClk)
                  0000c338    0000007e     EncodersAndButtons.obj (.text:PORT2_ISR)
                  0000c3b6    00000072     EncodersAndButtons.obj (.text:PORT1_ISR)
                  0000c428    00000064     rts430_eabi.lib : copy_decompress_rle.obj (.text:__TI_decompress_rle_core)
                  0000c48c    00000058                     : autoinit.obj (.text:_auto_init)
                  0000c4e4    00000056                     : _printfi_min.obj (.text:_ltostr)
                  0000c53a    00000052                     : atoi.obj (.text:atoi)
                  0000c58c    00000050     UartAndClock.obj (.text:uart_gets)
                  0000c5dc    0000004e     rts430_eabi.lib : _printfi_min.obj (.text:_pproc_diouxp)
                  0000c62a    0000004e                     : strtok.obj (.text:strtok)
                  0000c678    0000004c                     : lsr16.obj (.text)
                  0000c6c4    00000048                     : _printfi_min.obj (.text:_pproc_str)
                  0000c70c    00000040     TriacAndZeroCross.obj (.text:tglTriac)
                  0000c74c    0000003e     EncodersAndButtons.obj (.text:initEncoders)
                  0000c78a    0000003e     TriacAndZeroCross.obj (.text:initTriacs)
                  0000c7c8    00000038     rts430_eabi.lib : sprintf.obj (.text:sprintf)
                  0000c800    00000034     UartAndClock.obj (.text:initUart)
                  0000c834    0000002e     rts430_eabi.lib : _printfi_min.obj (.text:_getarg_diouxp)
                  0000c862    0000002c     EncodersAndButtons.obj (.text:encoder1State)
                  0000c88e    0000002c     EncodersAndButtons.obj (.text:encoder2State)
                  0000c8ba    0000002a     EncodersAndButtons.obj (.text:initButtons)
                  0000c8e4    00000028     rts430_eabi.lib : strcspn.obj (.text:strcspn)
                  0000c90c    00000028                     : strspn.obj (.text:strspn)
                  0000c934    00000026     EncodersAndButtons.obj (.text:initTimerA0)
                  0000c95a    00000024     main.obj (.text:splitUartMsg)
                  0000c97e    00000020     main.obj (.text:clrMsg)
                  0000c99e    00000020     TriacAndZeroCross.obj (.text:initZeroCross)
                  0000c9be    0000001a     rts430_eabi.lib : boot_special.obj (.text:_c_int00_noargs_noexit)
                  0000c9d8    0000001a                     : sprintf.obj (.text:_outs)
                  0000c9f2    0000001a                     : memccpy.obj (.text:memccpy)
                  0000ca0c    00000018                     : _printfi_min.obj (.text:_div)
                  0000ca24    00000018                     : strcmp.obj (.text:strcmp)
                  0000ca3c    00000016                     : div16u.obj (.text)
                  0000ca52    00000014                     : copy_zero_init.obj (.text:decompress:ZI:__TI_zero_init)
                  0000ca66    00000014                     : memset.obj (.text:memset)
                  0000ca7a    00000014                     : mult16.obj (.text)
                  0000ca8e    00000014     UartAndClock.obj (.text:uart_putc)
                  0000caa2    00000012     UartAndClock.obj (.text:USCI0RX_ISR)
                  0000cab4    00000012     rts430_eabi.lib : sprintf.obj (.text:_outc)
                  0000cac6    00000012                     : copy_decompress_none.obj (.text:decompress:none:__TI_decompress_none)
                  0000cad8    00000012                     : memcpy.obj (.text:memcpy)
                  0000caea    00000012     UartAndClock.obj (.text:uart_puts)
                  0000cafc    00000010     UartAndClock.obj (.text:USCI0TX_ISR)
                  0000cb0c    00000010     rts430_eabi.lib : epilog.obj (.text)
                  0000cb1c    00000010     UartAndClock.obj (.text:uart_getc)
                  0000cb2c    0000000e     rts430_eabi.lib : strlen.obj (.text:strlen)
                  0000cb3a    0000000c     EncodersAndButtons.obj (.text:Timer0_A0)
                  0000cb46    0000000c     EncodersAndButtons.obj (.text:Timer1_A0)
                  0000cb52    00000006     rts430_eabi.lib : isr_trap.obj (.text:_isr:__TI_ISR_TRAP)
                  0000cb58    00000006                     : copy_decompress_rle.obj (.text:decompress:rle24:__TI_decompress_rle24)
                  0000cb5e    00000004                     : pre_init.obj (.text:_system_pre_init)
                  0000cb62    00000004                     : exit.obj (.text:abort)

.const     0    0000cb66    000001a2     
                  0000cb66    00000101     rts430_eabi.lib : ctype.obj (.const:.string:_ctypes_)
                  0000cc67    00000001     --HOLE-- [fill = 0]
                  0000cc68    00000058     main.obj (.const:.string)
                  0000ccc0    0000001c     EncodersAndButtons.obj (.const:.string)
                  0000ccdc    00000018     TriacAndZeroCross.obj (.const:.string)
                  0000ccf4    00000014     rts430_eabi.lib : _printfi_min.obj (.const:.string)

.cinit     0    0000cd08    0000001c     
                  0000cd08    00000009     (.cinit..data.load) [load image, compression = rle]
                  0000cd11    00000001     --HOLE-- [fill = 0]
                  0000cd12    00000006     (__TI_handler_table)
                  0000cd18    00000004     (.cinit..bss.load) [load image, compression = zero_init]
                  0000cd1c    00000008     (__TI_cinit_table)

.init_array 
*          0    0000c000    00000000     UNINITIALIZED

TRAPINT    0    0000ffe0    00000002     
                  0000ffe0    00000002     rts430_eabi.lib : int00.obj (.int00)

$fill000   0    0000ffde    00000002     
                  0000ffde    00000002     --HOLE-- [fill = ffff]

PORT1      0    0000ffe4    00000002     
                  0000ffe4    00000002     EncodersAndButtons.obj (.int02)

PORT2      0    0000ffe6    00000002     
                  0000ffe6    00000002     EncodersAndButtons.obj (.int03)

ADC10      0    0000ffea    00000002     
                  0000ffea    00000002     rts430_eabi.lib : int05.obj (.int05)

USCIAB0TX 
*          0    0000ffec    00000002     
                  0000ffec    00000002     UartAndClock.obj (.int06)

USCIAB0RX 
*          0    0000ffee    00000002     
                  0000ffee    00000002     UartAndClock.obj (.int07)

TIMER0_A1 
*          0    0000fff0    00000002     
                  0000fff0    00000002     rts430_eabi.lib : int08.obj (.int08)

TIMER0_A0 
*          0    0000fff2    00000002     
                  0000fff2    00000002     EncodersAndButtons.obj (.int09)

WDT        0    0000fff4    00000002     
                  0000fff4    00000002     rts430_eabi.lib : int10.obj (.int10)

COMPARATORA 
*          0    0000fff6    00000002     
                  0000fff6    00000002     rts430_eabi.lib : int11.obj (.int11)

TIMER1_A1 
*          0    0000fff8    00000002     
                  0000fff8    00000002     rts430_eabi.lib : int12.obj (.int12)

TIMER1_A0 
*          0    0000fffa    00000002     
                  0000fffa    00000002     EncodersAndButtons.obj (.int13)

NMI        0    0000fffc    00000002     
                  0000fffc    00000002     rts430_eabi.lib : int14.obj (.int14)

.reset     0    0000fffe    00000002     
                  0000fffe    00000002     rts430_eabi.lib : boot.obj (.reset)


LINKER GENERATED COPY TABLES

__TI_cinit_table @ 0000cd1c records: 2, size/record: 4, table size: 8
	.data: load addr=0000cd08, load size=00000009 bytes, run addr=00000200, run size=00000076 bytes, compression=rle
	.bss: load addr=0000cd18, load size=00000004 bytes, run addr=00000276, run size=00000005 bytes, compression=zero_init


LINKER GENERATED HANDLER TABLE

__TI_handler_table @ 0000cd12 records: 3, size/record: 2, table size: 6
	index: 0, handler: __TI_zero_init
	index: 1, handler: __TI_decompress_rle24
	index: 2, handler: __TI_decompress_none


GLOBAL SYMBOLS: SORTED ALPHABETICALLY BY Name 

address   name                    
-------   ----                    
0000004a  ADC10AE0                
000001b0  ADC10CTL0               
000001b2  ADC10CTL1               
00000048  ADC10DTC0               
00000049  ADC10DTC1               
000001b4  ADC10MEM                
000001bc  ADC10SA                 
00000057  BCSCTL1                 
00000058  BCSCTL2                 
00000053  BCSCTL3                 
0000cb62  C$$EXIT                 
00000059  CACTL1                  
0000005a  CACTL2                  
000010fb  CALBC1_12MHZ            
000010f9  CALBC1_16MHZ            
000010ff  CALBC1_1MHZ             
000010fd  CALBC1_8MHZ             
000010fa  CALDCO_12MHZ            
000010f8  CALDCO_16MHZ            
000010fe  CALDCO_1MHZ             
000010fc  CALDCO_8MHZ             
0000005b  CAPD                    
00000056  DCOCTL                  
00000266  ENCODER1_COUNT          
00000269  ENCODER2_COUNT          
00000265  ENCODER_1A_flag         
00000264  ENCODER_1B_flag         
00000268  ENCODER_2A_flag         
00000267  ENCODER_2B_flag         
00000128  FCTL1                   
0000012a  FCTL2                   
0000012c  FCTL3                   
00000000  IE1                     
00000001  IE2                     
00000002  IFG1                    
00000003  IFG2                    
00000022  P1DIR                   
00000025  P1IE                    
00000024  P1IES                   
00000023  P1IFG                   
00000020  P1IN                    
00000021  P1OUT                   
00000027  P1REN                   
00000026  P1SEL                   
00000041  P1SEL2                  
0000002a  P2DIR                   
0000002d  P2IE                    
0000002c  P2IES                   
0000002b  P2IFG                   
00000028  P2IN                    
00000029  P2OUT                   
0000002f  P2REN                   
0000002e  P2SEL                   
00000042  P2SEL2                  
0000001a  P3DIR                   
00000018  P3IN                    
00000019  P3OUT                   
00000010  P3REN                   
0000001b  P3SEL                   
00000043  P3SEL2                  
0000c3b6  PORT1_ISR               
0000c338  PORT2_ISR               
00000172  TA0CCR0                 
00000174  TA0CCR1                 
00000176  TA0CCR2                 
00000162  TA0CCTL0                
00000164  TA0CCTL1                
00000166  TA0CCTL2                
00000160  TA0CTL                  
0000012e  TA0IV                   
00000170  TA0R                    
00000192  TA1CCR0                 
00000194  TA1CCR1                 
00000196  TA1CCR2                 
00000182  TA1CCTL0                
00000184  TA1CCTL1                
00000186  TA1CCTL2                
00000180  TA1CTL                  
0000011e  TA1IV                   
00000190  TA1R                    
000010db  TLV_ADC10_1_LEN         
000010da  TLV_ADC10_1_TAG         
000010c0  TLV_CHECKSUM            
000010f7  TLV_DCO_30_LEN          
000010f6  TLV_DCO_30_TAG          
0000cb3a  Timer0_A0               
0000cb46  Timer1_A0               
0000005d  UCA0ABCTL               
00000062  UCA0BR0                 
00000063  UCA0BR1                 
00000060  UCA0CTL0                
00000061  UCA0CTL1                
0000005f  UCA0IRRCTL              
0000005e  UCA0IRTCTL              
00000064  UCA0MCTL                
00000066  UCA0RXBUF               
00000065  UCA0STAT                
00000067  UCA0TXBUF               
0000006a  UCB0BR0                 
0000006b  UCB0BR1                 
00000068  UCB0CTL0                
00000069  UCB0CTL1                
0000006c  UCB0I2CIE               
00000118  UCB0I2COA               
0000011a  UCB0I2CSA               
0000006e  UCB0RXBUF               
0000006d  UCB0STAT                
0000006f  UCB0TXBUF               
0000caa2  USCI0RX_ISR             
0000cafc  USCI0TX_ISR             
00000120  WDTCTL                  
00000400  __STACK_END             
00000050  __STACK_SIZE            
0000cd1c  __TI_CINIT_Base         
0000cd24  __TI_CINIT_Limit        
0000cd12  __TI_Handler_Table_Base 
0000cd18  __TI_Handler_Table_Limit
UNDEFED   __TI_INITARRAY_Base     
UNDEFED   __TI_INITARRAY_Limit    
0000cb52  __TI_ISR_TRAP           
0000cac6  __TI_decompress_none    
0000cb58  __TI_decompress_rle24   
0000ffe0  __TI_int00              
0000ffe4  __TI_int02              
0000ffe6  __TI_int03              
0000ffea  __TI_int05              
0000ffec  __TI_int06              
0000ffee  __TI_int07              
0000fff0  __TI_int08              
0000fff2  __TI_int09              
0000fff4  __TI_int10              
0000fff6  __TI_int11              
0000fff8  __TI_int12              
0000fffa  __TI_int13              
0000fffc  __TI_int14              
0000c1e4  __TI_printfi_minimal    
0000ca52  __TI_zero_init          
ffffffff  __binit__               
ffffffff  __c_args__              
0000ca3c  __mspabi_divu           
0000cb18  __mspabi_func_epilog_1  
0000cb16  __mspabi_func_epilog_2  
0000cb14  __mspabi_func_epilog_3  
0000cb12  __mspabi_func_epilog_4  
0000cb10  __mspabi_func_epilog_5  
0000cb0e  __mspabi_func_epilog_6  
0000cb0c  __mspabi_func_epilog_7  
0000ca7a  __mspabi_mpyi           
0000ca7a  __mspabi_mpyi_sw        
0000ca3c  __mspabi_remu           
0000c678  __mspabi_srli           
0000c6be  __mspabi_srli_1         
0000c69a  __mspabi_srli_10        
0000c696  __mspabi_srli_11        
0000c692  __mspabi_srli_12        
0000c68e  __mspabi_srli_13        
0000c68a  __mspabi_srli_14        
0000c686  __mspabi_srli_15        
0000c6ba  __mspabi_srli_2         
0000c6b6  __mspabi_srli_3         
0000c6b2  __mspabi_srli_4         
0000c6ae  __mspabi_srli_5         
0000c6aa  __mspabi_srli_6         
0000c6a6  __mspabi_srli_7         
0000c6a2  __mspabi_srli_8         
0000c69e  __mspabi_srli_9         
0000c48c  _auto_init              
0000c9be  _c_int00_noargs_noexit  
0000cb66  _ctypes_                
0000fffe  _reset_vector           
000003b0  _stack                  
0000cb5e  _system_pre_init        
0000cb62  abort                   
0000c53a  atoi                    
ffffffff  binit                   
0000c97e  clrMsg                  
0000c862  encoder1State           
0000c88e  encoder2State           
0000c8ba  initButtons             
0000c74c  initEncoders            
0000c934  initTimerA0             
0000c78a  initTriacs              
0000c800  initUart                
0000c99e  initZeroCross           
0000c116  main                    
0000c9f2  memccpy                 
0000cad8  memcpy                  
0000ca66  memset                  
00000240  pString                 
00000270  pString1                
0000026e  rxChar                  
0000026c  rxCount                 
00000276  rx_flag                 
0000c2ae  setClk                  
0000c95a  splitUartMsg            
0000c7c8  sprintf                 
0000ca24  strcmp                  
0000c8e4  strcspn                 
0000cb2c  strlen                  
0000c90c  strspn                  
0000c62a  strtok                  
00000260  sw1_flag                
00000261  sw2_flag                
0000c70c  tglTriac                
0000026a  triac1_timer_flag       
0000026b  triac2_timer_flag       
0000027a  tx_char                 
00000278  tx_flag                 
00000272  uartParameter           
0000cb1c  uart_getc               
0000c58c  uart_gets               
0000ca8e  uart_putc               
0000caea  uart_puts               
00000263  zeroCross_count         
00000262  zeroCross_flag          


GLOBAL SYMBOLS: SORTED BY Symbol Address 

address   name                    
-------   ----                    
00000000  IE1                     
00000001  IE2                     
00000002  IFG1                    
00000003  IFG2                    
00000010  P3REN                   
00000018  P3IN                    
00000019  P3OUT                   
0000001a  P3DIR                   
0000001b  P3SEL                   
00000020  P1IN                    
00000021  P1OUT                   
00000022  P1DIR                   
00000023  P1IFG                   
00000024  P1IES                   
00000025  P1IE                    
00000026  P1SEL                   
00000027  P1REN                   
00000028  P2IN                    
00000029  P2OUT                   
0000002a  P2DIR                   
0000002b  P2IFG                   
0000002c  P2IES                   
0000002d  P2IE                    
0000002e  P2SEL                   
0000002f  P2REN                   
00000041  P1SEL2                  
00000042  P2SEL2                  
00000043  P3SEL2                  
00000048  ADC10DTC0               
00000049  ADC10DTC1               
0000004a  ADC10AE0                
00000050  __STACK_SIZE            
00000053  BCSCTL3                 
00000056  DCOCTL                  
00000057  BCSCTL1                 
00000058  BCSCTL2                 
00000059  CACTL1                  
0000005a  CACTL2                  
0000005b  CAPD                    
0000005d  UCA0ABCTL               
0000005e  UCA0IRTCTL              
0000005f  UCA0IRRCTL              
00000060  UCA0CTL0                
00000061  UCA0CTL1                
00000062  UCA0BR0                 
00000063  UCA0BR1                 
00000064  UCA0MCTL                
00000065  UCA0STAT                
00000066  UCA0RXBUF               
00000067  UCA0TXBUF               
00000068  UCB0CTL0                
00000069  UCB0CTL1                
0000006a  UCB0BR0                 
0000006b  UCB0BR1                 
0000006c  UCB0I2CIE               
0000006d  UCB0STAT                
0000006e  UCB0RXBUF               
0000006f  UCB0TXBUF               
00000118  UCB0I2COA               
0000011a  UCB0I2CSA               
0000011e  TA1IV                   
00000120  WDTCTL                  
00000128  FCTL1                   
0000012a  FCTL2                   
0000012c  FCTL3                   
0000012e  TA0IV                   
00000160  TA0CTL                  
00000162  TA0CCTL0                
00000164  TA0CCTL1                
00000166  TA0CCTL2                
00000170  TA0R                    
00000172  TA0CCR0                 
00000174  TA0CCR1                 
00000176  TA0CCR2                 
00000180  TA1CTL                  
00000182  TA1CCTL0                
00000184  TA1CCTL1                
00000186  TA1CCTL2                
00000190  TA1R                    
00000192  TA1CCR0                 
00000194  TA1CCR1                 
00000196  TA1CCR2                 
000001b0  ADC10CTL0               
000001b2  ADC10CTL1               
000001b4  ADC10MEM                
000001bc  ADC10SA                 
00000240  pString                 
00000260  sw1_flag                
00000261  sw2_flag                
00000262  zeroCross_flag          
00000263  zeroCross_count         
00000264  ENCODER_1B_flag         
00000265  ENCODER_1A_flag         
00000266  ENCODER1_COUNT          
00000267  ENCODER_2B_flag         
00000268  ENCODER_2A_flag         
00000269  ENCODER2_COUNT          
0000026a  triac1_timer_flag       
0000026b  triac2_timer_flag       
0000026c  rxCount                 
0000026e  rxChar                  
00000270  pString1                
00000272  uartParameter           
00000276  rx_flag                 
00000278  tx_flag                 
0000027a  tx_char                 
000003b0  _stack                  
00000400  __STACK_END             
000010c0  TLV_CHECKSUM            
000010da  TLV_ADC10_1_TAG         
000010db  TLV_ADC10_1_LEN         
000010f6  TLV_DCO_30_TAG          
000010f7  TLV_DCO_30_LEN          
000010f8  CALDCO_16MHZ            
000010f9  CALBC1_16MHZ            
000010fa  CALDCO_12MHZ            
000010fb  CALBC1_12MHZ            
000010fc  CALDCO_8MHZ             
000010fd  CALBC1_8MHZ             
000010fe  CALDCO_1MHZ             
000010ff  CALBC1_1MHZ             
0000c116  main                    
0000c1e4  __TI_printfi_minimal    
0000c2ae  setClk                  
0000c338  PORT2_ISR               
0000c3b6  PORT1_ISR               
0000c48c  _auto_init              
0000c53a  atoi                    
0000c58c  uart_gets               
0000c62a  strtok                  
0000c678  __mspabi_srli           
0000c686  __mspabi_srli_15        
0000c68a  __mspabi_srli_14        
0000c68e  __mspabi_srli_13        
0000c692  __mspabi_srli_12        
0000c696  __mspabi_srli_11        
0000c69a  __mspabi_srli_10        
0000c69e  __mspabi_srli_9         
0000c6a2  __mspabi_srli_8         
0000c6a6  __mspabi_srli_7         
0000c6aa  __mspabi_srli_6         
0000c6ae  __mspabi_srli_5         
0000c6b2  __mspabi_srli_4         
0000c6b6  __mspabi_srli_3         
0000c6ba  __mspabi_srli_2         
0000c6be  __mspabi_srli_1         
0000c70c  tglTriac                
0000c74c  initEncoders            
0000c78a  initTriacs              
0000c7c8  sprintf                 
0000c800  initUart                
0000c862  encoder1State           
0000c88e  encoder2State           
0000c8ba  initButtons             
0000c8e4  strcspn                 
0000c90c  strspn                  
0000c934  initTimerA0             
0000c95a  splitUartMsg            
0000c97e  clrMsg                  
0000c99e  initZeroCross           
0000c9be  _c_int00_noargs_noexit  
0000c9f2  memccpy                 
0000ca24  strcmp                  
0000ca3c  __mspabi_divu           
0000ca3c  __mspabi_remu           
0000ca52  __TI_zero_init          
0000ca66  memset                  
0000ca7a  __mspabi_mpyi           
0000ca7a  __mspabi_mpyi_sw        
0000ca8e  uart_putc               
0000caa2  USCI0RX_ISR             
0000cac6  __TI_decompress_none    
0000cad8  memcpy                  
0000caea  uart_puts               
0000cafc  USCI0TX_ISR             
0000cb0c  __mspabi_func_epilog_7  
0000cb0e  __mspabi_func_epilog_6  
0000cb10  __mspabi_func_epilog_5  
0000cb12  __mspabi_func_epilog_4  
0000cb14  __mspabi_func_epilog_3  
0000cb16  __mspabi_func_epilog_2  
0000cb18  __mspabi_func_epilog_1  
0000cb1c  uart_getc               
0000cb2c  strlen                  
0000cb3a  Timer0_A0               
0000cb46  Timer1_A0               
0000cb52  __TI_ISR_TRAP           
0000cb58  __TI_decompress_rle24   
0000cb5e  _system_pre_init        
0000cb62  C$$EXIT                 
0000cb62  abort                   
0000cb66  _ctypes_                
0000cd12  __TI_Handler_Table_Base 
0000cd18  __TI_Handler_Table_Limit
0000cd1c  __TI_CINIT_Base         
0000cd24  __TI_CINIT_Limit        
0000ffe0  __TI_int00              
0000ffe4  __TI_int02              
0000ffe6  __TI_int03              
0000ffea  __TI_int05              
0000ffec  __TI_int06              
0000ffee  __TI_int07              
0000fff0  __TI_int08              
0000fff2  __TI_int09              
0000fff4  __TI_int10              
0000fff6  __TI_int11              
0000fff8  __TI_int12              
0000fffa  __TI_int13              
0000fffc  __TI_int14              
0000fffe  _reset_vector           
ffffffff  __binit__               
ffffffff  __c_args__              
ffffffff  binit                   
UNDEFED   __TI_INITARRAY_Base     
UNDEFED   __TI_INITARRAY_Limit    

[215 symbols]
