<?xml version="1.0"?>
<link_info>
   <banner>MSP430 Linker PC v4.4.6</banner>
   <copyright>Copyright (c) 2003-2015 Texas Instruments Incorporated</copyright>
   <link_time>0x56ce021a</link_time>
   <link_errors>0x0</link_errors>
   <output_file>LampDimmerControl.out</output_file>
   <entry_point>
      <name>_c_int00_noargs_noexit</name>
      <address>0xc956</address>
   </entry_point>
   <input_file_list>
      <input_file id="fl-2">
         <path>.\</path>
         <kind>object</kind>
         <file>main.obj</file>
         <name>main.obj</name>
      </input_file>
      <input_file id="fl-3">
         <path>.\LampSource\</path>
         <kind>object</kind>
         <file>EncodersAndButtons.obj</file>
         <name>EncodersAndButtons.obj</name>
      </input_file>
      <input_file id="fl-4">
         <path>.\LampSource\</path>
         <kind>object</kind>
         <file>TriacAndZeroCross.obj</file>
         <name>TriacAndZeroCross.obj</name>
      </input_file>
      <input_file id="fl-5">
         <path>.\LampSource\</path>
         <kind>object</kind>
         <file>UartAndClock.obj</file>
         <name>UartAndClock.obj</name>
      </input_file>
      <input_file id="fl-34">
         <path>C:\ti\ccsv6\tools\compiler\ti-cgt-msp430_4.4.6\lib\</path>
         <kind>archive</kind>
         <file>rts430_eabi.lib</file>
         <name>atoi.obj</name>
      </input_file>
      <input_file id="fl-35">
         <path>C:\ti\ccsv6\tools\compiler\ti-cgt-msp430_4.4.6\lib\</path>
         <kind>archive</kind>
         <file>rts430_eabi.lib</file>
         <name>boot.obj</name>
      </input_file>
      <input_file id="fl-36">
         <path>C:\ti\ccsv6\tools\compiler\ti-cgt-msp430_4.4.6\lib\</path>
         <kind>archive</kind>
         <file>rts430_eabi.lib</file>
         <name>boot_special.obj</name>
      </input_file>
      <input_file id="fl-37">
         <path>C:\ti\ccsv6\tools\compiler\ti-cgt-msp430_4.4.6\lib\</path>
         <kind>archive</kind>
         <file>rts430_eabi.lib</file>
         <name>copy_decompress_none.obj</name>
      </input_file>
      <input_file id="fl-38">
         <path>C:\ti\ccsv6\tools\compiler\ti-cgt-msp430_4.4.6\lib\</path>
         <kind>archive</kind>
         <file>rts430_eabi.lib</file>
         <name>copy_decompress_rle.obj</name>
      </input_file>
      <input_file id="fl-39">
         <path>C:\ti\ccsv6\tools\compiler\ti-cgt-msp430_4.4.6\lib\</path>
         <kind>archive</kind>
         <file>rts430_eabi.lib</file>
         <name>copy_zero_init.obj</name>
      </input_file>
      <input_file id="fl-3a">
         <path>C:\ti\ccsv6\tools\compiler\ti-cgt-msp430_4.4.6\lib\</path>
         <kind>archive</kind>
         <file>rts430_eabi.lib</file>
         <name>ctype.obj</name>
      </input_file>
      <input_file id="fl-3b">
         <path>C:\ti\ccsv6\tools\compiler\ti-cgt-msp430_4.4.6\lib\</path>
         <kind>archive</kind>
         <file>rts430_eabi.lib</file>
         <name>epilog.obj</name>
      </input_file>
      <input_file id="fl-3c">
         <path>C:\ti\ccsv6\tools\compiler\ti-cgt-msp430_4.4.6\lib\</path>
         <kind>archive</kind>
         <file>rts430_eabi.lib</file>
         <name>exit.obj</name>
      </input_file>
      <input_file id="fl-3d">
         <path>C:\ti\ccsv6\tools\compiler\ti-cgt-msp430_4.4.6\lib\</path>
         <kind>archive</kind>
         <file>rts430_eabi.lib</file>
         <name>exit_gvars.obj</name>
      </input_file>
      <input_file id="fl-3e">
         <path>C:\ti\ccsv6\tools\compiler\ti-cgt-msp430_4.4.6\lib\</path>
         <kind>archive</kind>
         <file>rts430_eabi.lib</file>
         <name>int00.obj</name>
      </input_file>
      <input_file id="fl-3f">
         <path>C:\ti\ccsv6\tools\compiler\ti-cgt-msp430_4.4.6\lib\</path>
         <kind>archive</kind>
         <file>rts430_eabi.lib</file>
         <name>int05.obj</name>
      </input_file>
      <input_file id="fl-40">
         <path>C:\ti\ccsv6\tools\compiler\ti-cgt-msp430_4.4.6\lib\</path>
         <kind>archive</kind>
         <file>rts430_eabi.lib</file>
         <name>int08.obj</name>
      </input_file>
      <input_file id="fl-41">
         <path>C:\ti\ccsv6\tools\compiler\ti-cgt-msp430_4.4.6\lib\</path>
         <kind>archive</kind>
         <file>rts430_eabi.lib</file>
         <name>int09.obj</name>
      </input_file>
      <input_file id="fl-42">
         <path>C:\ti\ccsv6\tools\compiler\ti-cgt-msp430_4.4.6\lib\</path>
         <kind>archive</kind>
         <file>rts430_eabi.lib</file>
         <name>int10.obj</name>
      </input_file>
      <input_file id="fl-43">
         <path>C:\ti\ccsv6\tools\compiler\ti-cgt-msp430_4.4.6\lib\</path>
         <kind>archive</kind>
         <file>rts430_eabi.lib</file>
         <name>int11.obj</name>
      </input_file>
      <input_file id="fl-44">
         <path>C:\ti\ccsv6\tools\compiler\ti-cgt-msp430_4.4.6\lib\</path>
         <kind>archive</kind>
         <file>rts430_eabi.lib</file>
         <name>int12.obj</name>
      </input_file>
      <input_file id="fl-45">
         <path>C:\ti\ccsv6\tools\compiler\ti-cgt-msp430_4.4.6\lib\</path>
         <kind>archive</kind>
         <file>rts430_eabi.lib</file>
         <name>int13.obj</name>
      </input_file>
      <input_file id="fl-46">
         <path>C:\ti\ccsv6\tools\compiler\ti-cgt-msp430_4.4.6\lib\</path>
         <kind>archive</kind>
         <file>rts430_eabi.lib</file>
         <name>int14.obj</name>
      </input_file>
      <input_file id="fl-47">
         <path>C:\ti\ccsv6\tools\compiler\ti-cgt-msp430_4.4.6\lib\</path>
         <kind>archive</kind>
         <file>rts430_eabi.lib</file>
         <name>isr_trap.obj</name>
      </input_file>
      <input_file id="fl-48">
         <path>C:\ti\ccsv6\tools\compiler\ti-cgt-msp430_4.4.6\lib\</path>
         <kind>archive</kind>
         <file>rts430_eabi.lib</file>
         <name>memcpy.obj</name>
      </input_file>
      <input_file id="fl-49">
         <path>C:\ti\ccsv6\tools\compiler\ti-cgt-msp430_4.4.6\lib\</path>
         <kind>archive</kind>
         <file>rts430_eabi.lib</file>
         <name>memset.obj</name>
      </input_file>
      <input_file id="fl-4a">
         <path>C:\ti\ccsv6\tools\compiler\ti-cgt-msp430_4.4.6\lib\</path>
         <kind>archive</kind>
         <file>rts430_eabi.lib</file>
         <name>mpu_init.obj</name>
      </input_file>
      <input_file id="fl-4b">
         <path>C:\ti\ccsv6\tools\compiler\ti-cgt-msp430_4.4.6\lib\</path>
         <kind>archive</kind>
         <file>rts430_eabi.lib</file>
         <name>mult16.obj</name>
      </input_file>
      <input_file id="fl-4c">
         <path>C:\ti\ccsv6\tools\compiler\ti-cgt-msp430_4.4.6\lib\</path>
         <kind>archive</kind>
         <file>rts430_eabi.lib</file>
         <name>pre_init.obj</name>
      </input_file>
      <input_file id="fl-4d">
         <path>C:\ti\ccsv6\tools\compiler\ti-cgt-msp430_4.4.6\lib\</path>
         <kind>archive</kind>
         <file>rts430_eabi.lib</file>
         <name>sprintf.obj</name>
      </input_file>
      <input_file id="fl-4e">
         <path>C:\ti\ccsv6\tools\compiler\ti-cgt-msp430_4.4.6\lib\</path>
         <kind>archive</kind>
         <file>rts430_eabi.lib</file>
         <name>strcmp.obj</name>
      </input_file>
      <input_file id="fl-4f">
         <path>C:\ti\ccsv6\tools\compiler\ti-cgt-msp430_4.4.6\lib\</path>
         <kind>archive</kind>
         <file>rts430_eabi.lib</file>
         <name>strlen.obj</name>
      </input_file>
      <input_file id="fl-50">
         <path>C:\ti\ccsv6\tools\compiler\ti-cgt-msp430_4.4.6\lib\</path>
         <kind>archive</kind>
         <file>rts430_eabi.lib</file>
         <name>strtok.obj</name>
      </input_file>
      <input_file id="fl-51">
         <path>C:\ti\ccsv6\tools\compiler\ti-cgt-msp430_4.4.6\lib\</path>
         <kind>archive</kind>
         <file>rts430_eabi.lib</file>
         <name>_lock.obj</name>
      </input_file>
      <input_file id="fl-52">
         <path>C:\ti\ccsv6\tools\compiler\ti-cgt-msp430_4.4.6\lib\</path>
         <kind>archive</kind>
         <file>rts430_eabi.lib</file>
         <name>_printfi_min.obj</name>
      </input_file>
      <input_file id="fl-53">
         <path>C:\ti\ccsv6\tools\compiler\ti-cgt-msp430_4.4.6\lib\</path>
         <kind>archive</kind>
         <file>rts430_eabi.lib</file>
         <name>args_main.obj</name>
      </input_file>
      <input_file id="fl-54">
         <path>C:\ti\ccsv6\tools\compiler\ti-cgt-msp430_4.4.6\lib\</path>
         <kind>archive</kind>
         <file>rts430_eabi.lib</file>
         <name>autoinit.obj</name>
      </input_file>
      <input_file id="fl-55">
         <path>C:\ti\ccsv6\tools\compiler\ti-cgt-msp430_4.4.6\lib\</path>
         <kind>archive</kind>
         <file>rts430_eabi.lib</file>
         <name>div16u.obj</name>
      </input_file>
      <input_file id="fl-56">
         <path>C:\ti\ccsv6\tools\compiler\ti-cgt-msp430_4.4.6\lib\</path>
         <kind>archive</kind>
         <file>rts430_eabi.lib</file>
         <name>lsr16.obj</name>
      </input_file>
      <input_file id="fl-57">
         <path>C:\ti\ccsv6\tools\compiler\ti-cgt-msp430_4.4.6\lib\</path>
         <kind>archive</kind>
         <file>rts430_eabi.lib</file>
         <name>memccpy.obj</name>
      </input_file>
      <input_file id="fl-58">
         <path>C:\ti\ccsv6\tools\compiler\ti-cgt-msp430_4.4.6\lib\</path>
         <kind>archive</kind>
         <file>rts430_eabi.lib</file>
         <name>strcspn.obj</name>
      </input_file>
      <input_file id="fl-59">
         <path>C:\ti\ccsv6\tools\compiler\ti-cgt-msp430_4.4.6\lib\</path>
         <kind>archive</kind>
         <file>rts430_eabi.lib</file>
         <name>strspn.obj</name>
      </input_file>
   </input_file_list>
   <object_component_list>
      <object_component id="oc-129">
         <name>.common:tx_flag</name>
         <uninitialized>true</uninitialized>
         <run_address>0x274</run_address>
         <size>0x2</size>
      </object_component>
      <object_component id="oc-126">
         <name>.common:tx_char</name>
         <uninitialized>true</uninitialized>
         <run_address>0x276</run_address>
         <size>0x1</size>
      </object_component>
      <object_component id="oc-12e">
         <name>.common:rx_flag</name>
         <uninitialized>true</uninitialized>
         <run_address>0x272</run_address>
         <size>0x2</size>
      </object_component>
      <object_component id="oc-8d">
         <name>.stack</name>
         <uninitialized>true</uninitialized>
         <run_address>0x3b0</run_address>
         <size>0x2</size>
         <input_file_ref idref="fl-35"/>
      </object_component>
      <object_component id="oc-2f6">
         <name>.stack</name>
         <uninitialized>true</uninitialized>
         <run_address>0x3b0</run_address>
         <size>0x0</size>
      </object_component>
      <object_component id="oc-25a">
         <name>.text:_setfield</name>
         <load_address>0xc000</load_address>
         <run_address>0xc000</run_address>
         <size>0x116</size>
         <input_file_ref idref="fl-52"/>
      </object_component>
      <object_component id="oc-ef">
         <name>.text:main</name>
         <load_address>0xc116</load_address>
         <run_address>0xc116</run_address>
         <size>0xd0</size>
         <input_file_ref idref="fl-2"/>
      </object_component>
      <object_component id="oc-23c">
         <name>.text:__TI_printfi_minimal</name>
         <load_address>0xc1e6</load_address>
         <run_address>0xc1e6</run_address>
         <size>0xca</size>
         <input_file_ref idref="fl-52"/>
      </object_component>
      <object_component id="oc-146">
         <name>.text:setClk</name>
         <load_address>0xc2b0</load_address>
         <run_address>0xc2b0</run_address>
         <size>0x8a</size>
         <input_file_ref idref="fl-5"/>
      </object_component>
      <object_component id="oc-b0">
         <name>.text:PORT1_ISR</name>
         <load_address>0xc33a</load_address>
         <run_address>0xc33a</run_address>
         <size>0x72</size>
         <input_file_ref idref="fl-3"/>
      </object_component>
      <object_component id="oc-b6">
         <name>.text:PORT2_ISR</name>
         <load_address>0xc3ac</load_address>
         <run_address>0xc3ac</run_address>
         <size>0x66</size>
         <input_file_ref idref="fl-3"/>
      </object_component>
      <object_component id="oc-9e">
         <name>.text:__TI_decompress_rle_core</name>
         <load_address>0xc412</load_address>
         <run_address>0xc412</run_address>
         <size>0x64</size>
         <input_file_ref idref="fl-38"/>
      </object_component>
      <object_component id="oc-d5">
         <name>.text:_auto_init</name>
         <load_address>0xc476</load_address>
         <run_address>0xc476</run_address>
         <size>0x58</size>
         <input_file_ref idref="fl-54"/>
      </object_component>
      <object_component id="oc-298">
         <name>.text:_ltostr</name>
         <load_address>0xc4ce</load_address>
         <run_address>0xc4ce</run_address>
         <size>0x56</size>
         <input_file_ref idref="fl-52"/>
      </object_component>
      <object_component id="oc-1e8">
         <name>.text:atoi</name>
         <load_address>0xc524</load_address>
         <run_address>0xc524</run_address>
         <size>0x52</size>
         <input_file_ref idref="fl-34"/>
      </object_component>
      <object_component id="oc-16e">
         <name>.text:uart_gets</name>
         <load_address>0xc576</load_address>
         <run_address>0xc576</run_address>
         <size>0x50</size>
         <input_file_ref idref="fl-5"/>
      </object_component>
      <object_component id="oc-282">
         <name>.text:_pproc_diouxp</name>
         <load_address>0xc5c6</load_address>
         <run_address>0xc5c6</run_address>
         <size>0x4e</size>
         <input_file_ref idref="fl-52"/>
      </object_component>
      <object_component id="oc-1e2">
         <name>.text:strtok</name>
         <load_address>0xc614</load_address>
         <run_address>0xc614</run_address>
         <size>0x4e</size>
         <input_file_ref idref="fl-50"/>
      </object_component>
      <object_component id="oc-2b0">
         <name>.text</name>
         <load_address>0xc662</load_address>
         <run_address>0xc662</run_address>
         <size>0x4c</size>
         <input_file_ref idref="fl-56"/>
      </object_component>
      <object_component id="oc-260">
         <name>.text:_pproc_str</name>
         <load_address>0xc6ae</load_address>
         <run_address>0xc6ae</run_address>
         <size>0x48</size>
         <input_file_ref idref="fl-52"/>
      </object_component>
      <object_component id="oc-158">
         <name>.text:initEncoders</name>
         <load_address>0xc6f6</load_address>
         <run_address>0xc6f6</run_address>
         <size>0x3e</size>
         <input_file_ref idref="fl-3"/>
      </object_component>
      <object_component id="oc-14c">
         <name>.text:initTriacs</name>
         <load_address>0xc734</load_address>
         <run_address>0xc734</run_address>
         <size>0x3e</size>
         <input_file_ref idref="fl-4"/>
      </object_component>
      <object_component id="oc-1f5">
         <name>.text:sprintf</name>
         <load_address>0xc772</load_address>
         <run_address>0xc772</run_address>
         <size>0x38</size>
         <input_file_ref idref="fl-4d"/>
      </object_component>
      <object_component id="oc-15e">
         <name>.text:initUart</name>
         <load_address>0xc7aa</load_address>
         <run_address>0xc7aa</run_address>
         <size>0x34</size>
         <input_file_ref idref="fl-5"/>
      </object_component>
      <object_component id="oc-18f">
         <name>.text:tglTriac</name>
         <load_address>0xc7de</load_address>
         <run_address>0xc7de</run_address>
         <size>0x34</size>
         <input_file_ref idref="fl-4"/>
      </object_component>
      <object_component id="oc-292">
         <name>.text:_getarg_diouxp</name>
         <load_address>0xc812</load_address>
         <run_address>0xc812</run_address>
         <size>0x2e</size>
         <input_file_ref idref="fl-52"/>
      </object_component>
      <object_component id="oc-189">
         <name>.text:encoder1State</name>
         <load_address>0xc840</load_address>
         <run_address>0xc840</run_address>
         <size>0x2c</size>
         <input_file_ref idref="fl-3"/>
      </object_component>
      <object_component id="oc-183">
         <name>.text:encoder2State</name>
         <load_address>0xc86c</load_address>
         <run_address>0xc86c</run_address>
         <size>0x2c</size>
         <input_file_ref idref="fl-3"/>
      </object_component>
      <object_component id="oc-152">
         <name>.text:initButtons</name>
         <load_address>0xc898</load_address>
         <run_address>0xc898</run_address>
         <size>0x2a</size>
         <input_file_ref idref="fl-3"/>
      </object_component>
      <object_component id="oc-21c">
         <name>.text:strcspn</name>
         <load_address>0xc8c2</load_address>
         <run_address>0xc8c2</run_address>
         <size>0x28</size>
         <input_file_ref idref="fl-58"/>
      </object_component>
      <object_component id="oc-216">
         <name>.text:strspn</name>
         <load_address>0xc8ea</load_address>
         <run_address>0xc8ea</run_address>
         <size>0x28</size>
         <input_file_ref idref="fl-59"/>
      </object_component>
      <object_component id="oc-174">
         <name>.text:splitUartMsg</name>
         <load_address>0xc912</load_address>
         <run_address>0xc912</run_address>
         <size>0x24</size>
         <input_file_ref idref="fl-2"/>
      </object_component>
      <object_component id="oc-19b">
         <name>.text:clrMsg</name>
         <load_address>0xc936</load_address>
         <run_address>0xc936</run_address>
         <size>0x20</size>
         <input_file_ref idref="fl-2"/>
      </object_component>
      <object_component id="oc-69">
         <name>.text:_c_int00_noargs_noexit</name>
         <load_address>0xc956</load_address>
         <run_address>0xc956</run_address>
         <size>0x1a</size>
         <input_file_ref idref="fl-36"/>
      </object_component>
      <object_component id="oc-230">
         <name>.text:_outs</name>
         <load_address>0xc970</load_address>
         <run_address>0xc970</run_address>
         <size>0x1a</size>
         <input_file_ref idref="fl-4d"/>
      </object_component>
      <object_component id="oc-288">
         <name>.text:memccpy</name>
         <load_address>0xc98a</load_address>
         <run_address>0xc98a</run_address>
         <size>0x1a</size>
         <input_file_ref idref="fl-57"/>
      </object_component>
      <object_component id="oc-2a7">
         <name>.text:_div</name>
         <load_address>0xc9a4</load_address>
         <run_address>0xc9a4</run_address>
         <size>0x18</size>
         <input_file_ref idref="fl-52"/>
      </object_component>
      <object_component id="oc-17d">
         <name>.text:strcmp</name>
         <load_address>0xc9bc</load_address>
         <run_address>0xc9bc</run_address>
         <size>0x18</size>
         <input_file_ref idref="fl-4e"/>
      </object_component>
      <object_component id="oc-2b5">
         <name>.text</name>
         <load_address>0xc9d4</load_address>
         <run_address>0xc9d4</run_address>
         <size>0x16</size>
         <input_file_ref idref="fl-55"/>
      </object_component>
      <object_component id="oc-4b">
         <name>.text:decompress:ZI:__TI_zero_init</name>
         <load_address>0xc9ea</load_address>
         <run_address>0xc9ea</run_address>
         <size>0x14</size>
         <input_file_ref idref="fl-39"/>
      </object_component>
      <object_component id="oc-203">
         <name>.text:memset</name>
         <load_address>0xc9fe</load_address>
         <run_address>0xc9fe</run_address>
         <size>0x14</size>
         <input_file_ref idref="fl-49"/>
      </object_component>
      <object_component id="oc-224">
         <name>.text</name>
         <load_address>0xca12</load_address>
         <run_address>0xca12</run_address>
         <size>0x14</size>
         <input_file_ref idref="fl-4b"/>
      </object_component>
      <object_component id="oc-1d1">
         <name>.text:uart_putc</name>
         <load_address>0xca26</load_address>
         <run_address>0xca26</run_address>
         <size>0x14</size>
         <input_file_ref idref="fl-5"/>
      </object_component>
      <object_component id="oc-c2">
         <name>.text:USCI0RX_ISR</name>
         <load_address>0xca3a</load_address>
         <run_address>0xca3a</run_address>
         <size>0x12</size>
         <input_file_ref idref="fl-5"/>
      </object_component>
      <object_component id="oc-236">
         <name>.text:_outc</name>
         <load_address>0xca4c</load_address>
         <run_address>0xca4c</run_address>
         <size>0x12</size>
         <input_file_ref idref="fl-4d"/>
      </object_component>
      <object_component id="oc-32">
         <name>.text:decompress:none:__TI_decompress_none</name>
         <load_address>0xca5e</load_address>
         <run_address>0xca5e</run_address>
         <size>0x12</size>
         <input_file_ref idref="fl-37"/>
      </object_component>
      <object_component id="oc-91">
         <name>.text:memcpy</name>
         <load_address>0xca70</load_address>
         <run_address>0xca70</run_address>
         <size>0x12</size>
         <input_file_ref idref="fl-48"/>
      </object_component>
      <object_component id="oc-165">
         <name>.text:uart_puts</name>
         <load_address>0xca82</load_address>
         <run_address>0xca82</run_address>
         <size>0x12</size>
         <input_file_ref idref="fl-5"/>
      </object_component>
      <object_component id="oc-bc">
         <name>.text:USCI0TX_ISR</name>
         <load_address>0xca94</load_address>
         <run_address>0xca94</run_address>
         <size>0x10</size>
         <input_file_ref idref="fl-5"/>
      </object_component>
      <object_component id="oc-118">
         <name>.text</name>
         <load_address>0xcaa4</load_address>
         <run_address>0xcaa4</run_address>
         <size>0x10</size>
         <input_file_ref idref="fl-3b"/>
      </object_component>
      <object_component id="oc-1db">
         <name>.text:uart_getc</name>
         <load_address>0xcab4</load_address>
         <run_address>0xcab4</run_address>
         <size>0x10</size>
         <input_file_ref idref="fl-5"/>
      </object_component>
      <object_component id="oc-195">
         <name>.text:strlen</name>
         <load_address>0xcac4</load_address>
         <run_address>0xcac4</run_address>
         <size>0xe</size>
         <input_file_ref idref="fl-4f"/>
      </object_component>
      <object_component id="oc-ab">
         <name>.text:_isr:__TI_ISR_TRAP</name>
         <load_address>0xcad2</load_address>
         <run_address>0xcad2</run_address>
         <size>0x6</size>
         <input_file_ref idref="fl-47"/>
      </object_component>
      <object_component id="oc-38">
         <name>.text:decompress:rle24:__TI_decompress_rle24</name>
         <load_address>0xcad8</load_address>
         <run_address>0xcad8</run_address>
         <size>0x6</size>
         <input_file_ref idref="fl-38"/>
      </object_component>
      <object_component id="oc-cf">
         <name>.text:_system_pre_init</name>
         <load_address>0xcade</load_address>
         <run_address>0xcade</run_address>
         <size>0x4</size>
         <input_file_ref idref="fl-4c"/>
      </object_component>
      <object_component id="oc-f7">
         <name>.text:abort</name>
         <load_address>0xcae2</load_address>
         <run_address>0xcae2</run_address>
         <size>0x4</size>
         <input_file_ref idref="fl-3c"/>
      </object_component>
      <object_component id="oc-2f5">
         <name>.cinit..data.load</name>
         <load_address>0xcc8e</load_address>
         <run_address>0xcc8e</run_address>
         <size>0x9</size>
      </object_component>
      <object_component id="oc-2f2">
         <name>__TI_handler_table</name>
         <load_address>0xcc98</load_address>
         <run_address>0xcc98</run_address>
         <size>0x6</size>
      </object_component>
      <object_component id="oc-2f4">
         <name>.cinit..bss.load</name>
         <load_address>0xcc9e</load_address>
         <run_address>0xcc9e</run_address>
         <size>0x4</size>
      </object_component>
      <object_component id="oc-2f3">
         <name>__TI_cinit_table</name>
         <load_address>0xcca2</load_address>
         <run_address>0xcca2</run_address>
         <size>0x8</size>
      </object_component>
      <object_component id="oc-229">
         <name>.const:.string:_ctypes_</name>
         <load_address>0xcae6</load_address>
         <run_address>0xcae6</run_address>
         <size>0x101</size>
         <input_file_ref idref="fl-3a"/>
      </object_component>
      <object_component id="oc-164">
         <name>.const:.string</name>
         <load_address>0xcbe8</load_address>
         <run_address>0xcbe8</run_address>
         <size>0x5e</size>
         <input_file_ref idref="fl-2"/>
      </object_component>
      <object_component id="oc-1f3">
         <name>.const:.string</name>
         <load_address>0xcc46</load_address>
         <run_address>0xcc46</run_address>
         <size>0x1c</size>
         <input_file_ref idref="fl-3"/>
      </object_component>
      <object_component id="oc-1ff">
         <name>.const:.string</name>
         <load_address>0xcc62</load_address>
         <run_address>0xcc62</run_address>
         <size>0x18</size>
         <input_file_ref idref="fl-4"/>
      </object_component>
      <object_component id="oc-281">
         <name>.const:.string</name>
         <load_address>0xcc7a</load_address>
         <run_address>0xcc7a</run_address>
         <size>0x14</size>
         <input_file_ref idref="fl-52"/>
      </object_component>
      <object_component id="oc-3e">
         <name>.int00</name>
         <load_address>0xffe0</load_address>
         <run_address>0xffe0</run_address>
         <size>0x2</size>
         <input_file_ref idref="fl-3e"/>
      </object_component>
      <object_component id="oc-3f">
         <name>.int02</name>
         <load_address>0xffe4</load_address>
         <run_address>0xffe4</run_address>
         <size>0x2</size>
         <input_file_ref idref="fl-3"/>
      </object_component>
      <object_component id="oc-40">
         <name>.int03</name>
         <load_address>0xffe6</load_address>
         <run_address>0xffe6</run_address>
         <size>0x2</size>
         <input_file_ref idref="fl-3"/>
      </object_component>
      <object_component id="oc-41">
         <name>.int05</name>
         <load_address>0xffea</load_address>
         <run_address>0xffea</run_address>
         <size>0x2</size>
         <input_file_ref idref="fl-3f"/>
      </object_component>
      <object_component id="oc-42">
         <name>.int06</name>
         <load_address>0xffec</load_address>
         <run_address>0xffec</run_address>
         <size>0x2</size>
         <input_file_ref idref="fl-5"/>
      </object_component>
      <object_component id="oc-43">
         <name>.int07</name>
         <load_address>0xffee</load_address>
         <run_address>0xffee</run_address>
         <size>0x2</size>
         <input_file_ref idref="fl-5"/>
      </object_component>
      <object_component id="oc-44">
         <name>.int08</name>
         <load_address>0xfff0</load_address>
         <run_address>0xfff0</run_address>
         <size>0x2</size>
         <input_file_ref idref="fl-40"/>
      </object_component>
      <object_component id="oc-45">
         <name>.int09</name>
         <load_address>0xfff2</load_address>
         <run_address>0xfff2</run_address>
         <size>0x2</size>
         <input_file_ref idref="fl-41"/>
      </object_component>
      <object_component id="oc-46">
         <name>.int10</name>
         <load_address>0xfff4</load_address>
         <run_address>0xfff4</run_address>
         <size>0x2</size>
         <input_file_ref idref="fl-42"/>
      </object_component>
      <object_component id="oc-47">
         <name>.int11</name>
         <load_address>0xfff6</load_address>
         <run_address>0xfff6</run_address>
         <size>0x2</size>
         <input_file_ref idref="fl-43"/>
      </object_component>
      <object_component id="oc-48">
         <name>.int12</name>
         <load_address>0xfff8</load_address>
         <run_address>0xfff8</run_address>
         <size>0x2</size>
         <input_file_ref idref="fl-44"/>
      </object_component>
      <object_component id="oc-49">
         <name>.int13</name>
         <load_address>0xfffa</load_address>
         <run_address>0xfffa</run_address>
         <size>0x2</size>
         <input_file_ref idref="fl-45"/>
      </object_component>
      <object_component id="oc-4a">
         <name>.int14</name>
         <load_address>0xfffc</load_address>
         <run_address>0xfffc</run_address>
         <size>0x2</size>
         <input_file_ref idref="fl-46"/>
      </object_component>
      <object_component id="oc-90">
         <name>.reset</name>
         <load_address>0xfffe</load_address>
         <run_address>0xfffe</run_address>
         <size>0x2</size>
         <input_file_ref idref="fl-35"/>
      </object_component>
      <object_component id="oc-16b">
         <name>.data:pString</name>
         <load_address>0x240</load_address>
         <run_address>0x240</run_address>
         <size>0x20</size>
         <input_file_ref idref="fl-2"/>
      </object_component>
      <object_component id="oc-17a">
         <name>.data</name>
         <load_address>0x26c</load_address>
         <run_address>0x26c</run_address>
         <size>0x3</size>
         <input_file_ref idref="fl-2"/>
      </object_component>
      <object_component id="oc-121">
         <name>.data</name>
         <load_address>0x260</load_address>
         <run_address>0x260</run_address>
         <size>0x8</size>
         <input_file_ref idref="fl-3"/>
      </object_component>
      <object_component id="oc-1fd">
         <name>.data:msg$1</name>
         <load_address>0x200</load_address>
         <run_address>0x200</run_address>
         <size>0x20</size>
         <input_file_ref idref="fl-3"/>
      </object_component>
      <object_component id="oc-1f4">
         <name>.data:msg$2</name>
         <load_address>0x220</load_address>
         <run_address>0x220</run_address>
         <size>0x20</size>
         <input_file_ref idref="fl-3"/>
      </object_component>
      <object_component id="oc-12b">
         <name>.data</name>
         <load_address>0x268</load_address>
         <run_address>0x268</run_address>
         <size>0x3</size>
         <input_file_ref idref="fl-5"/>
      </object_component>
      <object_component id="oc-213">
         <name>.data</name>
         <load_address>0x270</load_address>
         <run_address>0x270</run_address>
         <size>0x2</size>
         <input_file_ref idref="fl-50"/>
      </object_component>
      <object_component id="oc-1da">
         <name>.debug_info</name>
         <load_address>0x0</load_address>
         <run_address>0x0</run_address>
         <size>0x509</size>
         <input_file_ref idref="fl-2"/>
      </object_component>
      <object_component id="oc-16c">
         <name>.debug_info</name>
         <load_address>0x509</load_address>
         <run_address>0x509</run_address>
         <size>0xb7</size>
         <input_file_ref idref="fl-2"/>
      </object_component>
      <object_component id="oc-17b">
         <name>.debug_info</name>
         <load_address>0x5c0</load_address>
         <run_address>0x5c0</run_address>
         <size>0xe4</size>
         <input_file_ref idref="fl-2"/>
      </object_component>
      <object_component id="oc-f2">
         <name>.debug_info</name>
         <load_address>0x6a4</load_address>
         <run_address>0x6a4</run_address>
         <size>0x208</size>
         <input_file_ref idref="fl-2"/>
      </object_component>
      <object_component id="oc-176">
         <name>.debug_info</name>
         <load_address>0x8ac</load_address>
         <run_address>0x8ac</run_address>
         <size>0x123</size>
         <input_file_ref idref="fl-2"/>
      </object_component>
      <object_component id="oc-19e">
         <name>.debug_info</name>
         <load_address>0x9cf</load_address>
         <run_address>0x9cf</run_address>
         <size>0xf9</size>
         <input_file_ref idref="fl-2"/>
      </object_component>
      <object_component id="oc-105">
         <name>.debug_info</name>
         <load_address>0xac8</load_address>
         <run_address>0xac8</run_address>
         <size>0x84</size>
         <input_file_ref idref="fl-2"/>
      </object_component>
      <object_component id="oc-10c">
         <name>.debug_info</name>
         <load_address>0xb4c</load_address>
         <run_address>0xb4c</run_address>
         <size>0x2c</size>
         <input_file_ref idref="fl-2"/>
      </object_component>
      <object_component id="oc-1fc">
         <name>.debug_info</name>
         <load_address>0xb78</load_address>
         <run_address>0xb78</run_address>
         <size>0x31d</size>
         <input_file_ref idref="fl-3"/>
      </object_component>
      <object_component id="oc-122">
         <name>.debug_info</name>
         <load_address>0xe95</load_address>
         <run_address>0xe95</run_address>
         <size>0x209</size>
         <input_file_ref idref="fl-3"/>
      </object_component>
      <object_component id="oc-153">
         <name>.debug_info</name>
         <load_address>0x109e</load_address>
         <run_address>0x109e</run_address>
         <size>0x134</size>
         <input_file_ref idref="fl-3"/>
      </object_component>
      <object_component id="oc-159">
         <name>.debug_info</name>
         <load_address>0x11d2</load_address>
         <run_address>0x11d2</run_address>
         <size>0x136</size>
         <input_file_ref idref="fl-3"/>
      </object_component>
      <object_component id="oc-18a">
         <name>.debug_info</name>
         <load_address>0x1308</load_address>
         <run_address>0x1308</run_address>
         <size>0x16b</size>
         <input_file_ref idref="fl-3"/>
      </object_component>
      <object_component id="oc-184">
         <name>.debug_info</name>
         <load_address>0x1473</load_address>
         <run_address>0x1473</run_address>
         <size>0x16b</size>
         <input_file_ref idref="fl-3"/>
      </object_component>
      <object_component id="oc-b1">
         <name>.debug_info</name>
         <load_address>0x15de</load_address>
         <run_address>0x15de</run_address>
         <size>0x131</size>
         <input_file_ref idref="fl-3"/>
      </object_component>
      <object_component id="oc-b7">
         <name>.debug_info</name>
         <load_address>0x170f</load_address>
         <run_address>0x170f</run_address>
         <size>0x131</size>
         <input_file_ref idref="fl-3"/>
      </object_component>
      <object_component id="oc-268">
         <name>.debug_info</name>
         <load_address>0x1840</load_address>
         <run_address>0x1840</run_address>
         <size>0x2c</size>
         <input_file_ref idref="fl-3"/>
      </object_component>
      <object_component id="oc-14d">
         <name>.debug_info</name>
         <load_address>0x186c</load_address>
         <run_address>0x186c</run_address>
         <size>0x12f</size>
         <input_file_ref idref="fl-4"/>
      </object_component>
      <object_component id="oc-190">
         <name>.debug_info</name>
         <load_address>0x199b</load_address>
         <run_address>0x199b</run_address>
         <size>0x17d</size>
         <input_file_ref idref="fl-4"/>
      </object_component>
      <object_component id="oc-127">
         <name>.debug_info</name>
         <load_address>0x1b18</load_address>
         <run_address>0x1b18</run_address>
         <size>0x449</size>
         <input_file_ref idref="fl-5"/>
      </object_component>
      <object_component id="oc-12c">
         <name>.debug_info</name>
         <load_address>0x1f61</load_address>
         <run_address>0x1f61</run_address>
         <size>0xe7</size>
         <input_file_ref idref="fl-5"/>
      </object_component>
      <object_component id="oc-147">
         <name>.debug_info</name>
         <load_address>0x2048</load_address>
         <run_address>0x2048</run_address>
         <size>0x135</size>
         <input_file_ref idref="fl-5"/>
      </object_component>
      <object_component id="oc-161">
         <name>.debug_info</name>
         <load_address>0x217d</load_address>
         <run_address>0x217d</run_address>
         <size>0x11c</size>
         <input_file_ref idref="fl-5"/>
      </object_component>
      <object_component id="oc-1dd">
         <name>.debug_info</name>
         <load_address>0x2299</load_address>
         <run_address>0x2299</run_address>
         <size>0x122</size>
         <input_file_ref idref="fl-5"/>
      </object_component>
      <object_component id="oc-170">
         <name>.debug_info</name>
         <load_address>0x23bb</load_address>
         <run_address>0x23bb</run_address>
         <size>0x167</size>
         <input_file_ref idref="fl-5"/>
      </object_component>
      <object_component id="oc-1d2">
         <name>.debug_info</name>
         <load_address>0x2522</load_address>
         <run_address>0x2522</run_address>
         <size>0x134</size>
         <input_file_ref idref="fl-5"/>
      </object_component>
      <object_component id="oc-166">
         <name>.debug_info</name>
         <load_address>0x2656</load_address>
         <run_address>0x2656</run_address>
         <size>0x14c</size>
         <input_file_ref idref="fl-5"/>
      </object_component>
      <object_component id="oc-be">
         <name>.debug_info</name>
         <load_address>0x27a2</load_address>
         <run_address>0x27a2</run_address>
         <size>0x123</size>
         <input_file_ref idref="fl-5"/>
      </object_component>
      <object_component id="oc-c3">
         <name>.debug_info</name>
         <load_address>0x28c5</load_address>
         <run_address>0x28c5</run_address>
         <size>0x123</size>
         <input_file_ref idref="fl-5"/>
      </object_component>
      <object_component id="oc-22d">
         <name>.debug_info</name>
         <load_address>0x29e8</load_address>
         <run_address>0x29e8</run_address>
         <size>0x167</size>
         <input_file_ref idref="fl-34"/>
      </object_component>
      <object_component id="oc-1eb">
         <name>.debug_info</name>
         <load_address>0x2b4f</load_address>
         <run_address>0x2b4f</run_address>
         <size>0x166</size>
         <input_file_ref idref="fl-34"/>
      </object_component>
      <object_component id="oc-8e">
         <name>.debug_info</name>
         <load_address>0x2cb5</load_address>
         <run_address>0x2cb5</run_address>
         <size>0xd6</size>
         <input_file_ref idref="fl-35"/>
      </object_component>
      <object_component id="oc-6b">
         <name>.debug_info</name>
         <load_address>0x2d8b</load_address>
         <run_address>0x2d8b</run_address>
         <size>0x177</size>
         <input_file_ref idref="fl-36"/>
      </object_component>
      <object_component id="oc-9d">
         <name>.debug_info</name>
         <load_address>0x2f02</load_address>
         <run_address>0x2f02</run_address>
         <size>0x193</size>
         <input_file_ref idref="fl-37"/>
      </object_component>
      <object_component id="oc-35">
         <name>.debug_info</name>
         <load_address>0x3095</load_address>
         <run_address>0x3095</run_address>
         <size>0x1c0</size>
         <input_file_ref idref="fl-37"/>
      </object_component>
      <object_component id="oc-98">
         <name>.debug_info</name>
         <load_address>0x3255</load_address>
         <run_address>0x3255</run_address>
         <size>0x46</size>
         <input_file_ref idref="fl-37"/>
      </object_component>
      <object_component id="oc-111">
         <name>.debug_info</name>
         <load_address>0x329b</load_address>
         <run_address>0x329b</run_address>
         <size>0x2c</size>
         <input_file_ref idref="fl-37"/>
      </object_component>
      <object_component id="oc-a5">
         <name>.debug_info</name>
         <load_address>0x32c7</load_address>
         <run_address>0x32c7</run_address>
         <size>0x155</size>
         <input_file_ref idref="fl-38"/>
      </object_component>
      <object_component id="oc-a1">
         <name>.debug_info</name>
         <load_address>0x341c</load_address>
         <run_address>0x341c</run_address>
         <size>0x21b</size>
         <input_file_ref idref="fl-38"/>
      </object_component>
      <object_component id="oc-3b">
         <name>.debug_info</name>
         <load_address>0x3637</load_address>
         <run_address>0x3637</run_address>
         <size>0x192</size>
         <input_file_ref idref="fl-38"/>
      </object_component>
      <object_component id="oc-a6">
         <name>.debug_info</name>
         <load_address>0x37c9</load_address>
         <run_address>0x37c9</run_address>
         <size>0x39</size>
         <input_file_ref idref="fl-38"/>
      </object_component>
      <object_component id="oc-ce">
         <name>.debug_info</name>
         <load_address>0x3802</load_address>
         <run_address>0x3802</run_address>
         <size>0x14b</size>
         <input_file_ref idref="fl-39"/>
      </object_component>
      <object_component id="oc-4c">
         <name>.debug_info</name>
         <load_address>0x394d</load_address>
         <run_address>0x394d</run_address>
         <size>0x196</size>
         <input_file_ref idref="fl-39"/>
      </object_component>
      <object_component id="oc-c9">
         <name>.debug_info</name>
         <load_address>0x3ae3</load_address>
         <run_address>0x3ae3</run_address>
         <size>0x46</size>
         <input_file_ref idref="fl-39"/>
      </object_component>
      <object_component id="oc-255">
         <name>.debug_info</name>
         <load_address>0x3b29</load_address>
         <run_address>0x3b29</run_address>
         <size>0xcf</size>
         <input_file_ref idref="fl-3a"/>
      </object_component>
      <object_component id="oc-22a">
         <name>.debug_info</name>
         <load_address>0x3bf8</load_address>
         <run_address>0x3bf8</run_address>
         <size>0xdb</size>
         <input_file_ref idref="fl-3a"/>
      </object_component>
      <object_component id="oc-11b">
         <name>.debug_info</name>
         <load_address>0x3cd3</load_address>
         <run_address>0x3cd3</run_address>
         <size>0x10b</size>
         <input_file_ref idref="fl-3b"/>
      </object_component>
      <object_component id="oc-fa">
         <name>.debug_info</name>
         <load_address>0x3dde</load_address>
         <run_address>0x3dde</run_address>
         <size>0xf8</size>
         <input_file_ref idref="fl-3c"/>
      </object_component>
      <object_component id="oc-ad">
         <name>.debug_info</name>
         <load_address>0x3ed6</load_address>
         <run_address>0x3ed6</run_address>
         <size>0xec</size>
         <input_file_ref idref="fl-47"/>
      </object_component>
      <object_component id="oc-10b">
         <name>.debug_info</name>
         <load_address>0x3fc2</load_address>
         <run_address>0x3fc2</run_address>
         <size>0x14e</size>
         <input_file_ref idref="fl-48"/>
      </object_component>
      <object_component id="oc-92">
         <name>.debug_info</name>
         <load_address>0x4110</load_address>
         <run_address>0x4110</run_address>
         <size>0x172</size>
         <input_file_ref idref="fl-48"/>
      </object_component>
      <object_component id="oc-249">
         <name>.debug_info</name>
         <load_address>0x4282</load_address>
         <run_address>0x4282</run_address>
         <size>0x143</size>
         <input_file_ref idref="fl-49"/>
      </object_component>
      <object_component id="oc-204">
         <name>.debug_info</name>
         <load_address>0x43c5</load_address>
         <run_address>0x43c5</run_address>
         <size>0x227</size>
         <input_file_ref idref="fl-49"/>
      </object_component>
      <object_component id="oc-225">
         <name>.debug_info</name>
         <load_address>0x45ec</load_address>
         <run_address>0x45ec</run_address>
         <size>0xfe</size>
         <input_file_ref idref="fl-4b"/>
      </object_component>
      <object_component id="oc-d3">
         <name>.debug_info</name>
         <load_address>0x46ea</load_address>
         <run_address>0x46ea</run_address>
         <size>0x129</size>
         <input_file_ref idref="fl-4c"/>
      </object_component>
      <object_component id="oc-243">
         <name>.debug_info</name>
         <load_address>0x4813</load_address>
         <run_address>0x4813</run_address>
         <size>0x20e</size>
         <input_file_ref idref="fl-4d"/>
      </object_component>
      <object_component id="oc-1f9">
         <name>.debug_info</name>
         <load_address>0x4a21</load_address>
         <run_address>0x4a21</run_address>
         <size>0x198</size>
         <input_file_ref idref="fl-4d"/>
      </object_component>
      <object_component id="oc-234">
         <name>.debug_info</name>
         <load_address>0x4bb9</load_address>
         <run_address>0x4bb9</run_address>
         <size>0x16e</size>
         <input_file_ref idref="fl-4d"/>
      </object_component>
      <object_component id="oc-23a">
         <name>.debug_info</name>
         <load_address>0x4d27</load_address>
         <run_address>0x4d27</run_address>
         <size>0x143</size>
         <input_file_ref idref="fl-4d"/>
      </object_component>
      <object_component id="oc-274">
         <name>.debug_info</name>
         <load_address>0x4e6a</load_address>
         <run_address>0x4e6a</run_address>
         <size>0x2c</size>
         <input_file_ref idref="fl-4d"/>
      </object_component>
      <object_component id="oc-1f2">
         <name>.debug_info</name>
         <load_address>0x4e96</load_address>
         <run_address>0x4e96</run_address>
         <size>0x138</size>
         <input_file_ref idref="fl-4e"/>
      </object_component>
      <object_component id="oc-17e">
         <name>.debug_info</name>
         <load_address>0x4fce</load_address>
         <run_address>0x4fce</run_address>
         <size>0x225</size>
         <input_file_ref idref="fl-4e"/>
      </object_component>
      <object_component id="oc-202">
         <name>.debug_info</name>
         <load_address>0x51f3</load_address>
         <run_address>0x51f3</run_address>
         <size>0x138</size>
         <input_file_ref idref="fl-4f"/>
      </object_component>
      <object_component id="oc-197">
         <name>.debug_info</name>
         <load_address>0x532b</load_address>
         <run_address>0x532b</run_address>
         <size>0x1e2</size>
         <input_file_ref idref="fl-4f"/>
      </object_component>
      <object_component id="oc-223">
         <name>.debug_info</name>
         <load_address>0x550d</load_address>
         <run_address>0x550d</run_address>
         <size>0x198</size>
         <input_file_ref idref="fl-50"/>
      </object_component>
      <object_component id="oc-214">
         <name>.debug_info</name>
         <load_address>0x56a5</load_address>
         <run_address>0x56a5</run_address>
         <size>0xdb</size>
         <input_file_ref idref="fl-50"/>
      </object_component>
      <object_component id="oc-1e3">
         <name>.debug_info</name>
         <load_address>0x5780</load_address>
         <run_address>0x5780</run_address>
         <size>0x187</size>
         <input_file_ref idref="fl-50"/>
      </object_component>
      <object_component id="oc-267">
         <name>.debug_info</name>
         <load_address>0x5907</load_address>
         <run_address>0x5907</run_address>
         <size>0x2b3</size>
         <input_file_ref idref="fl-52"/>
      </object_component>
      <object_component id="oc-293">
         <name>.debug_info</name>
         <load_address>0x5bba</load_address>
         <run_address>0x5bba</run_address>
         <size>0x188</size>
         <input_file_ref idref="fl-52"/>
      </object_component>
      <object_component id="oc-2a8">
         <name>.debug_info</name>
         <load_address>0x5d42</load_address>
         <run_address>0x5d42</run_address>
         <size>0x185</size>
         <input_file_ref idref="fl-52"/>
      </object_component>
      <object_component id="oc-299">
         <name>.debug_info</name>
         <load_address>0x5ec7</load_address>
         <run_address>0x5ec7</run_address>
         <size>0x1cd</size>
         <input_file_ref idref="fl-52"/>
      </object_component>
      <object_component id="oc-283">
         <name>.debug_info</name>
         <load_address>0x6094</load_address>
         <run_address>0x6094</run_address>
         <size>0x210</size>
         <input_file_ref idref="fl-52"/>
      </object_component>
      <object_component id="oc-25b">
         <name>.debug_info</name>
         <load_address>0x62a4</load_address>
         <run_address>0x62a4</run_address>
         <size>0x265</size>
         <input_file_ref idref="fl-52"/>
      </object_component>
      <object_component id="oc-261">
         <name>.debug_info</name>
         <load_address>0x6509</load_address>
         <run_address>0x6509</run_address>
         <size>0x208</size>
         <input_file_ref idref="fl-52"/>
      </object_component>
      <object_component id="oc-23d">
         <name>.debug_info</name>
         <load_address>0x6711</load_address>
         <run_address>0x6711</run_address>
         <size>0x288</size>
         <input_file_ref idref="fl-52"/>
      </object_component>
      <object_component id="oc-26d">
         <name>.debug_info</name>
         <load_address>0x6999</load_address>
         <run_address>0x6999</run_address>
         <size>0x86</size>
         <input_file_ref idref="fl-52"/>
      </object_component>
      <object_component id="oc-29f">
         <name>.debug_info</name>
         <load_address>0x6a1f</load_address>
         <run_address>0x6a1f</run_address>
         <size>0x39</size>
         <input_file_ref idref="fl-52"/>
      </object_component>
      <object_component id="oc-134">
         <name>.debug_info</name>
         <load_address>0x6a58</load_address>
         <run_address>0x6a58</run_address>
         <size>0x2ca</size>
         <input_file_ref idref="fl-54"/>
      </object_component>
      <object_component id="oc-d8">
         <name>.debug_info</name>
         <load_address>0x6d22</load_address>
         <run_address>0x6d22</run_address>
         <size>0x17c</size>
         <input_file_ref idref="fl-54"/>
      </object_component>
      <object_component id="oc-1ae">
         <name>.debug_info</name>
         <load_address>0x6e9e</load_address>
         <run_address>0x6e9e</run_address>
         <size>0x39</size>
         <input_file_ref idref="fl-54"/>
      </object_component>
      <object_component id="oc-2b6">
         <name>.debug_info</name>
         <load_address>0x6ed7</load_address>
         <run_address>0x6ed7</run_address>
         <size>0xfe</size>
         <input_file_ref idref="fl-55"/>
      </object_component>
      <object_component id="oc-2b2">
         <name>.debug_info</name>
         <load_address>0x6fd5</load_address>
         <run_address>0x6fd5</run_address>
         <size>0xfd</size>
         <input_file_ref idref="fl-56"/>
      </object_component>
      <object_component id="oc-2a5">
         <name>.debug_info</name>
         <load_address>0x70d2</load_address>
         <run_address>0x70d2</run_address>
         <size>0x144</size>
         <input_file_ref idref="fl-57"/>
      </object_component>
      <object_component id="oc-28a">
         <name>.debug_info</name>
         <load_address>0x7216</load_address>
         <run_address>0x7216</run_address>
         <size>0x18c</size>
         <input_file_ref idref="fl-57"/>
      </object_component>
      <object_component id="oc-24f">
         <name>.debug_info</name>
         <load_address>0x73a2</load_address>
         <run_address>0x73a2</run_address>
         <size>0x13e</size>
         <input_file_ref idref="fl-58"/>
      </object_component>
      <object_component id="oc-21d">
         <name>.debug_info</name>
         <load_address>0x74e0</load_address>
         <run_address>0x74e0</run_address>
         <size>0x16e</size>
         <input_file_ref idref="fl-58"/>
      </object_component>
      <object_component id="oc-24d">
         <name>.debug_info</name>
         <load_address>0x764e</load_address>
         <run_address>0x764e</run_address>
         <size>0x143</size>
         <input_file_ref idref="fl-59"/>
      </object_component>
      <object_component id="oc-217">
         <name>.debug_info</name>
         <load_address>0x7791</load_address>
         <run_address>0x7791</run_address>
         <size>0x199</size>
         <input_file_ref idref="fl-59"/>
      </object_component>
      <object_component id="oc-2f7">
         <name>.debug_info</name>
         <load_address>0x792a</load_address>
         <run_address>0x792a</run_address>
         <size>0x8f</size>
      </object_component>
      <object_component id="oc-211">
         <name>.debug_line</name>
         <load_address>0x0</load_address>
         <run_address>0x0</run_address>
         <size>0x1b0</size>
         <input_file_ref idref="fl-2"/>
      </object_component>
      <object_component id="oc-1d9">
         <name>.debug_line</name>
         <load_address>0x1b0</load_address>
         <run_address>0x1b0</run_address>
         <size>0x2d</size>
         <input_file_ref idref="fl-2"/>
      </object_component>
      <object_component id="oc-1f0">
         <name>.debug_line</name>
         <load_address>0x1dd</load_address>
         <run_address>0x1dd</run_address>
         <size>0x2d</size>
         <input_file_ref idref="fl-2"/>
      </object_component>
      <object_component id="oc-f1">
         <name>.debug_line</name>
         <load_address>0x20a</load_address>
         <run_address>0x20a</run_address>
         <size>0x74</size>
         <input_file_ref idref="fl-2"/>
      </object_component>
      <object_component id="oc-179">
         <name>.debug_line</name>
         <load_address>0x27e</load_address>
         <run_address>0x27e</run_address>
         <size>0x48</size>
         <input_file_ref idref="fl-2"/>
      </object_component>
      <object_component id="oc-19c">
         <name>.debug_line</name>
         <load_address>0x2c6</load_address>
         <run_address>0x2c6</run_address>
         <size>0x45</size>
         <input_file_ref idref="fl-2"/>
      </object_component>
      <object_component id="oc-108">
         <name>.debug_line</name>
         <load_address>0x30b</load_address>
         <run_address>0x30b</run_address>
         <size>0x20</size>
         <input_file_ref idref="fl-2"/>
      </object_component>
      <object_component id="oc-10f">
         <name>.debug_line</name>
         <load_address>0x32b</load_address>
         <run_address>0x32b</run_address>
         <size>0x63</size>
         <input_file_ref idref="fl-2"/>
      </object_component>
      <object_component id="oc-245">
         <name>.debug_line</name>
         <load_address>0x38e</load_address>
         <run_address>0x38e</run_address>
         <size>0x10d</size>
         <input_file_ref idref="fl-3"/>
      </object_component>
      <object_component id="oc-1a7">
         <name>.debug_line</name>
         <load_address>0x49b</load_address>
         <run_address>0x49b</run_address>
         <size>0x46</size>
         <input_file_ref idref="fl-3"/>
      </object_component>
      <object_component id="oc-156">
         <name>.debug_line</name>
         <load_address>0x4e1</load_address>
         <run_address>0x4e1</run_address>
         <size>0x62</size>
         <input_file_ref idref="fl-3"/>
      </object_component>
      <object_component id="oc-15c">
         <name>.debug_line</name>
         <load_address>0x543</load_address>
         <run_address>0x543</run_address>
         <size>0x62</size>
         <input_file_ref idref="fl-3"/>
      </object_component>
      <object_component id="oc-18e">
         <name>.debug_line</name>
         <load_address>0x5a5</load_address>
         <run_address>0x5a5</run_address>
         <size>0x5f</size>
         <input_file_ref idref="fl-3"/>
      </object_component>
      <object_component id="oc-187">
         <name>.debug_line</name>
         <load_address>0x604</load_address>
         <run_address>0x604</run_address>
         <size>0x5f</size>
         <input_file_ref idref="fl-3"/>
      </object_component>
      <object_component id="oc-b5">
         <name>.debug_line</name>
         <load_address>0x663</load_address>
         <run_address>0x663</run_address>
         <size>0x87</size>
         <input_file_ref idref="fl-3"/>
      </object_component>
      <object_component id="oc-bb">
         <name>.debug_line</name>
         <load_address>0x6ea</load_address>
         <run_address>0x6ea</run_address>
         <size>0x87</size>
         <input_file_ref idref="fl-3"/>
      </object_component>
      <object_component id="oc-26b">
         <name>.debug_line</name>
         <load_address>0x771</load_address>
         <run_address>0x771</run_address>
         <size>0x63</size>
         <input_file_ref idref="fl-3"/>
      </object_component>
      <object_component id="oc-150">
         <name>.debug_line</name>
         <load_address>0x7d4</load_address>
         <run_address>0x7d4</run_address>
         <size>0x61</size>
         <input_file_ref idref="fl-4"/>
      </object_component>
      <object_component id="oc-193">
         <name>.debug_line</name>
         <load_address>0x835</load_address>
         <run_address>0x835</run_address>
         <size>0x64</size>
         <input_file_ref idref="fl-4"/>
      </object_component>
      <object_component id="oc-1a9">
         <name>.debug_line</name>
         <load_address>0x899</load_address>
         <run_address>0x899</run_address>
         <size>0xbc</size>
         <input_file_ref idref="fl-5"/>
      </object_component>
      <object_component id="oc-1ab">
         <name>.debug_line</name>
         <load_address>0x955</load_address>
         <run_address>0x955</run_address>
         <size>0x40</size>
         <input_file_ref idref="fl-5"/>
      </object_component>
      <object_component id="oc-14b">
         <name>.debug_line</name>
         <load_address>0x995</load_address>
         <run_address>0x995</run_address>
         <size>0x7f</size>
         <input_file_ref idref="fl-5"/>
      </object_component>
      <object_component id="oc-160">
         <name>.debug_line</name>
         <load_address>0xa14</load_address>
         <run_address>0xa14</run_address>
         <size>0x5e</size>
         <input_file_ref idref="fl-5"/>
      </object_component>
      <object_component id="oc-1dc">
         <name>.debug_line</name>
         <load_address>0xa72</load_address>
         <run_address>0xa72</run_address>
         <size>0x5c</size>
         <input_file_ref idref="fl-5"/>
      </object_component>
      <object_component id="oc-16f">
         <name>.debug_line</name>
         <load_address>0xace</load_address>
         <run_address>0xace</run_address>
         <size>0x64</size>
         <input_file_ref idref="fl-5"/>
      </object_component>
      <object_component id="oc-1d5">
         <name>.debug_line</name>
         <load_address>0xb32</load_address>
         <run_address>0xb32</run_address>
         <size>0x5d</size>
         <input_file_ref idref="fl-5"/>
      </object_component>
      <object_component id="oc-169">
         <name>.debug_line</name>
         <load_address>0xb8f</load_address>
         <run_address>0xb8f</run_address>
         <size>0x5c</size>
         <input_file_ref idref="fl-5"/>
      </object_component>
      <object_component id="oc-bd">
         <name>.debug_line</name>
         <load_address>0xbeb</load_address>
         <run_address>0xbeb</run_address>
         <size>0x58</size>
         <input_file_ref idref="fl-5"/>
      </object_component>
      <object_component id="oc-c6">
         <name>.debug_line</name>
         <load_address>0xc43</load_address>
         <run_address>0xc43</run_address>
         <size>0x58</size>
         <input_file_ref idref="fl-5"/>
      </object_component>
      <object_component id="oc-257">
         <name>.debug_line</name>
         <load_address>0xc9b</load_address>
         <run_address>0xc9b</run_address>
         <size>0x7f</size>
         <input_file_ref idref="fl-34"/>
      </object_component>
      <object_component id="oc-1e9">
         <name>.debug_line</name>
         <load_address>0xd1a</load_address>
         <run_address>0xd1a</run_address>
         <size>0x5d</size>
         <input_file_ref idref="fl-34"/>
      </object_component>
      <object_component id="oc-104">
         <name>.debug_line</name>
         <load_address>0xd77</load_address>
         <run_address>0xd77</run_address>
         <size>0x2a</size>
         <input_file_ref idref="fl-35"/>
      </object_component>
      <object_component id="oc-6a">
         <name>.debug_line</name>
         <load_address>0xda1</load_address>
         <run_address>0xda1</run_address>
         <size>0x4c</size>
         <input_file_ref idref="fl-36"/>
      </object_component>
      <object_component id="oc-117">
         <name>.debug_line</name>
         <load_address>0xded</load_address>
         <run_address>0xded</run_address>
         <size>0x80</size>
         <input_file_ref idref="fl-37"/>
      </object_component>
      <object_component id="oc-34">
         <name>.debug_line</name>
         <load_address>0xe6d</load_address>
         <run_address>0xe6d</run_address>
         <size>0x50</size>
         <input_file_ref idref="fl-37"/>
      </object_component>
      <object_component id="oc-9b">
         <name>.debug_line</name>
         <load_address>0xebd</load_address>
         <run_address>0xebd</run_address>
         <size>0x3a</size>
         <input_file_ref idref="fl-37"/>
      </object_component>
      <object_component id="oc-114">
         <name>.debug_line</name>
         <load_address>0xef7</load_address>
         <run_address>0xef7</run_address>
         <size>0x80</size>
         <input_file_ref idref="fl-37"/>
      </object_component>
      <object_component id="oc-11f">
         <name>.debug_line</name>
         <load_address>0xf77</load_address>
         <run_address>0xf77</run_address>
         <size>0x20</size>
         <input_file_ref idref="fl-38"/>
      </object_component>
      <object_component id="oc-a3">
         <name>.debug_line</name>
         <load_address>0xf97</load_address>
         <run_address>0xf97</run_address>
         <size>0x87</size>
         <input_file_ref idref="fl-38"/>
      </object_component>
      <object_component id="oc-3d">
         <name>.debug_line</name>
         <load_address>0x101e</load_address>
         <run_address>0x101e</run_address>
         <size>0x49</size>
         <input_file_ref idref="fl-38"/>
      </object_component>
      <object_component id="oc-a9">
         <name>.debug_line</name>
         <load_address>0x1067</load_address>
         <run_address>0x1067</run_address>
         <size>0x39</size>
         <input_file_ref idref="fl-38"/>
      </object_component>
      <object_component id="oc-131">
         <name>.debug_line</name>
         <load_address>0x10a0</load_address>
         <run_address>0x10a0</run_address>
         <size>0x20</size>
         <input_file_ref idref="fl-39"/>
      </object_component>
      <object_component id="oc-4f">
         <name>.debug_line</name>
         <load_address>0x10c0</load_address>
         <run_address>0x10c0</run_address>
         <size>0x4d</size>
         <input_file_ref idref="fl-39"/>
      </object_component>
      <object_component id="oc-cc">
         <name>.debug_line</name>
         <load_address>0x110d</load_address>
         <run_address>0x110d</run_address>
         <size>0x34</size>
         <input_file_ref idref="fl-39"/>
      </object_component>
      <object_component id="oc-280">
         <name>.debug_line</name>
         <load_address>0x1141</load_address>
         <run_address>0x1141</run_address>
         <size>0x20</size>
         <input_file_ref idref="fl-3a"/>
      </object_component>
      <object_component id="oc-254">
         <name>.debug_line</name>
         <load_address>0x1161</load_address>
         <run_address>0x1161</run_address>
         <size>0x2b</size>
         <input_file_ref idref="fl-3a"/>
      </object_component>
      <object_component id="oc-119">
         <name>.debug_line</name>
         <load_address>0x118c</load_address>
         <run_address>0x118c</run_address>
         <size>0x40</size>
         <input_file_ref idref="fl-3b"/>
      </object_component>
      <object_component id="oc-f9">
         <name>.debug_line</name>
         <load_address>0x11cc</load_address>
         <run_address>0x11cc</run_address>
         <size>0x3a</size>
         <input_file_ref idref="fl-3c"/>
      </object_component>
      <object_component id="oc-ac">
         <name>.debug_line</name>
         <load_address>0x1206</load_address>
         <run_address>0x1206</run_address>
         <size>0x3c</size>
         <input_file_ref idref="fl-47"/>
      </object_component>
      <object_component id="oc-1a4">
         <name>.debug_line</name>
         <load_address>0x1242</load_address>
         <run_address>0x1242</run_address>
         <size>0x20</size>
         <input_file_ref idref="fl-48"/>
      </object_component>
      <object_component id="oc-96">
         <name>.debug_line</name>
         <load_address>0x1262</load_address>
         <run_address>0x1262</run_address>
         <size>0x45</size>
         <input_file_ref idref="fl-48"/>
      </object_component>
      <object_component id="oc-27a">
         <name>.debug_line</name>
         <load_address>0x12a7</load_address>
         <run_address>0x12a7</run_address>
         <size>0x20</size>
         <input_file_ref idref="fl-49"/>
      </object_component>
      <object_component id="oc-208">
         <name>.debug_line</name>
         <load_address>0x12c7</load_address>
         <run_address>0x12c7</run_address>
         <size>0x9c</size>
         <input_file_ref idref="fl-49"/>
      </object_component>
      <object_component id="oc-228">
         <name>.debug_line</name>
         <load_address>0x1363</load_address>
         <run_address>0x1363</run_address>
         <size>0x42</size>
         <input_file_ref idref="fl-4b"/>
      </object_component>
      <object_component id="oc-d2">
         <name>.debug_line</name>
         <load_address>0x13a5</load_address>
         <run_address>0x13a5</run_address>
         <size>0x3e</size>
         <input_file_ref idref="fl-4c"/>
      </object_component>
      <object_component id="oc-273">
         <name>.debug_line</name>
         <load_address>0x13e3</load_address>
         <run_address>0x13e3</run_address>
         <size>0x8d</size>
         <input_file_ref idref="fl-4d"/>
      </object_component>
      <object_component id="oc-1f6">
         <name>.debug_line</name>
         <load_address>0x1470</load_address>
         <run_address>0x1470</run_address>
         <size>0x46</size>
         <input_file_ref idref="fl-4d"/>
      </object_component>
      <object_component id="oc-232">
         <name>.debug_line</name>
         <load_address>0x14b6</load_address>
         <run_address>0x14b6</run_address>
         <size>0x42</size>
         <input_file_ref idref="fl-4d"/>
      </object_component>
      <object_component id="oc-237">
         <name>.debug_line</name>
         <load_address>0x14f8</load_address>
         <run_address>0x14f8</run_address>
         <size>0x3d</size>
         <input_file_ref idref="fl-4d"/>
      </object_component>
      <object_component id="oc-277">
         <name>.debug_line</name>
         <load_address>0x1535</load_address>
         <run_address>0x1535</run_address>
         <size>0x7f</size>
         <input_file_ref idref="fl-4d"/>
      </object_component>
      <object_component id="oc-22f">
         <name>.debug_line</name>
         <load_address>0x15b4</load_address>
         <run_address>0x15b4</run_address>
         <size>0x20</size>
         <input_file_ref idref="fl-4e"/>
      </object_component>
      <object_component id="oc-182">
         <name>.debug_line</name>
         <load_address>0x15d4</load_address>
         <run_address>0x15d4</run_address>
         <size>0x9d</size>
         <input_file_ref idref="fl-4e"/>
      </object_component>
      <object_component id="oc-247">
         <name>.debug_line</name>
         <load_address>0x1671</load_address>
         <run_address>0x1671</run_address>
         <size>0x20</size>
         <input_file_ref idref="fl-4f"/>
      </object_component>
      <object_component id="oc-19a">
         <name>.debug_line</name>
         <load_address>0x1691</load_address>
         <run_address>0x1691</run_address>
         <size>0x9a</size>
         <input_file_ref idref="fl-4f"/>
      </object_component>
      <object_component id="oc-251">
         <name>.debug_line</name>
         <load_address>0x172b</load_address>
         <run_address>0x172b</run_address>
         <size>0x80</size>
         <input_file_ref idref="fl-50"/>
      </object_component>
      <object_component id="oc-24b">
         <name>.debug_line</name>
         <load_address>0x17ab</load_address>
         <run_address>0x17ab</run_address>
         <size>0x2c</size>
         <input_file_ref idref="fl-50"/>
      </object_component>
      <object_component id="oc-1e7">
         <name>.debug_line</name>
         <load_address>0x17d7</load_address>
         <run_address>0x17d7</run_address>
         <size>0x53</size>
         <input_file_ref idref="fl-50"/>
      </object_component>
      <object_component id="oc-291">
         <name>.debug_line</name>
         <load_address>0x182a</load_address>
         <run_address>0x182a</run_address>
         <size>0x8e</size>
         <input_file_ref idref="fl-52"/>
      </object_component>
      <object_component id="oc-297">
         <name>.debug_line</name>
         <load_address>0x18b8</load_address>
         <run_address>0x18b8</run_address>
         <size>0x4f</size>
         <input_file_ref idref="fl-52"/>
      </object_component>
      <object_component id="oc-2ac">
         <name>.debug_line</name>
         <load_address>0x1907</load_address>
         <run_address>0x1907</run_address>
         <size>0x48</size>
         <input_file_ref idref="fl-52"/>
      </object_component>
      <object_component id="oc-29c">
         <name>.debug_line</name>
         <load_address>0x194f</load_address>
         <run_address>0x194f</run_address>
         <size>0x4e</size>
         <input_file_ref idref="fl-52"/>
      </object_component>
      <object_component id="oc-287">
         <name>.debug_line</name>
         <load_address>0x199d</load_address>
         <run_address>0x199d</run_address>
         <size>0x58</size>
         <input_file_ref idref="fl-52"/>
      </object_component>
      <object_component id="oc-25e">
         <name>.debug_line</name>
         <load_address>0x19f5</load_address>
         <run_address>0x19f5</run_address>
         <size>0x95</size>
         <input_file_ref idref="fl-52"/>
      </object_component>
      <object_component id="oc-265">
         <name>.debug_line</name>
         <load_address>0x1a8a</load_address>
         <run_address>0x1a8a</run_address>
         <size>0x56</size>
         <input_file_ref idref="fl-52"/>
      </object_component>
      <object_component id="oc-241">
         <name>.debug_line</name>
         <load_address>0x1ae0</load_address>
         <run_address>0x1ae0</run_address>
         <size>0x7d</size>
         <input_file_ref idref="fl-52"/>
      </object_component>
      <object_component id="oc-270">
         <name>.debug_line</name>
         <load_address>0x1b5d</load_address>
         <run_address>0x1b5d</run_address>
         <size>0x80</size>
         <input_file_ref idref="fl-52"/>
      </object_component>
      <object_component id="oc-2a2">
         <name>.debug_line</name>
         <load_address>0x1bdd</load_address>
         <run_address>0x1bdd</run_address>
         <size>0x2e</size>
         <input_file_ref idref="fl-52"/>
      </object_component>
      <object_component id="oc-1ad">
         <name>.debug_line</name>
         <load_address>0x1c0b</load_address>
         <run_address>0x1c0b</run_address>
         <size>0x2e</size>
         <input_file_ref idref="fl-54"/>
      </object_component>
      <object_component id="oc-d6">
         <name>.debug_line</name>
         <load_address>0x1c39</load_address>
         <run_address>0x1c39</run_address>
         <size>0x7b</size>
         <input_file_ref idref="fl-54"/>
      </object_component>
      <object_component id="oc-1b1">
         <name>.debug_line</name>
         <load_address>0x1cb4</load_address>
         <run_address>0x1cb4</run_address>
         <size>0x2e</size>
         <input_file_ref idref="fl-54"/>
      </object_component>
      <object_component id="oc-2b9">
         <name>.debug_line</name>
         <load_address>0x1ce2</load_address>
         <run_address>0x1ce2</run_address>
         <size>0x43</size>
         <input_file_ref idref="fl-55"/>
      </object_component>
      <object_component id="oc-2b1">
         <name>.debug_line</name>
         <load_address>0x1d25</load_address>
         <run_address>0x1d25</run_address>
         <size>0x5e</size>
         <input_file_ref idref="fl-56"/>
      </object_component>
      <object_component id="oc-2af">
         <name>.debug_line</name>
         <load_address>0x1d83</load_address>
         <run_address>0x1d83</run_address>
         <size>0x20</size>
         <input_file_ref idref="fl-57"/>
      </object_component>
      <object_component id="oc-28c">
         <name>.debug_line</name>
         <load_address>0x1da3</load_address>
         <run_address>0x1da3</run_address>
         <size>0x48</size>
         <input_file_ref idref="fl-57"/>
      </object_component>
      <object_component id="oc-27e">
         <name>.debug_line</name>
         <load_address>0x1deb</load_address>
         <run_address>0x1deb</run_address>
         <size>0x20</size>
         <input_file_ref idref="fl-58"/>
      </object_component>
      <object_component id="oc-221">
         <name>.debug_line</name>
         <load_address>0x1e0b</load_address>
         <run_address>0x1e0b</run_address>
         <size>0x52</size>
         <input_file_ref idref="fl-58"/>
      </object_component>
      <object_component id="oc-27c">
         <name>.debug_line</name>
         <load_address>0x1e5d</load_address>
         <run_address>0x1e5d</run_address>
         <size>0x20</size>
         <input_file_ref idref="fl-59"/>
      </object_component>
      <object_component id="oc-21a">
         <name>.debug_line</name>
         <load_address>0x1e7d</load_address>
         <run_address>0x1e7d</run_address>
         <size>0x53</size>
         <input_file_ref idref="fl-59"/>
      </object_component>
      <object_component id="oc-f0">
         <name>.debug_frame</name>
         <load_address>0x0</load_address>
         <run_address>0x0</run_address>
         <size>0x48</size>
         <input_file_ref idref="fl-2"/>
      </object_component>
      <object_component id="oc-175">
         <name>.debug_frame</name>
         <load_address>0x48</load_address>
         <run_address>0x48</run_address>
         <size>0x47</size>
         <input_file_ref idref="fl-2"/>
      </object_component>
      <object_component id="oc-19d">
         <name>.debug_frame</name>
         <load_address>0x8f</load_address>
         <run_address>0x8f</run_address>
         <size>0x47</size>
         <input_file_ref idref="fl-2"/>
      </object_component>
      <object_component id="oc-157">
         <name>.debug_frame</name>
         <load_address>0xd6</load_address>
         <run_address>0xd6</run_address>
         <size>0x47</size>
         <input_file_ref idref="fl-3"/>
      </object_component>
      <object_component id="oc-15d">
         <name>.debug_frame</name>
         <load_address>0x11d</load_address>
         <run_address>0x11d</run_address>
         <size>0x47</size>
         <input_file_ref idref="fl-3"/>
      </object_component>
      <object_component id="oc-18d">
         <name>.debug_frame</name>
         <load_address>0x164</load_address>
         <run_address>0x164</run_address>
         <size>0x4d</size>
         <input_file_ref idref="fl-3"/>
      </object_component>
      <object_component id="oc-188">
         <name>.debug_frame</name>
         <load_address>0x1b1</load_address>
         <run_address>0x1b1</run_address>
         <size>0x4d</size>
         <input_file_ref idref="fl-3"/>
      </object_component>
      <object_component id="oc-b4">
         <name>.debug_frame</name>
         <load_address>0x1fe</load_address>
         <run_address>0x1fe</run_address>
         <size>0x47</size>
         <input_file_ref idref="fl-3"/>
      </object_component>
      <object_component id="oc-ba">
         <name>.debug_frame</name>
         <load_address>0x245</load_address>
         <run_address>0x245</run_address>
         <size>0x47</size>
         <input_file_ref idref="fl-3"/>
      </object_component>
      <object_component id="oc-151">
         <name>.debug_frame</name>
         <load_address>0x28c</load_address>
         <run_address>0x28c</run_address>
         <size>0x47</size>
         <input_file_ref idref="fl-4"/>
      </object_component>
      <object_component id="oc-194">
         <name>.debug_frame</name>
         <load_address>0x2d3</load_address>
         <run_address>0x2d3</run_address>
         <size>0x47</size>
         <input_file_ref idref="fl-4"/>
      </object_component>
      <object_component id="oc-14a">
         <name>.debug_frame</name>
         <load_address>0x31a</load_address>
         <run_address>0x31a</run_address>
         <size>0x48</size>
         <input_file_ref idref="fl-5"/>
      </object_component>
      <object_component id="oc-15f">
         <name>.debug_frame</name>
         <load_address>0x362</load_address>
         <run_address>0x362</run_address>
         <size>0x47</size>
         <input_file_ref idref="fl-5"/>
      </object_component>
      <object_component id="oc-1e0">
         <name>.debug_frame</name>
         <load_address>0x3a9</load_address>
         <run_address>0x3a9</run_address>
         <size>0x47</size>
         <input_file_ref idref="fl-5"/>
      </object_component>
      <object_component id="oc-173">
         <name>.debug_frame</name>
         <load_address>0x3f0</load_address>
         <run_address>0x3f0</run_address>
         <size>0x47</size>
         <input_file_ref idref="fl-5"/>
      </object_component>
      <object_component id="oc-1d6">
         <name>.debug_frame</name>
         <load_address>0x437</load_address>
         <run_address>0x437</run_address>
         <size>0x47</size>
         <input_file_ref idref="fl-5"/>
      </object_component>
[...]
         <value>0x61</value>
      </symbol>
      <symbol id="sm-42">
         <name>UCA0BR0</name>
         <value>0x62</value>
      </symbol>
      <symbol id="sm-43">
         <name>UCA0BR1</name>
         <value>0x63</value>
      </symbol>
      <symbol id="sm-44">
         <name>UCA0MCTL</name>
         <value>0x64</value>
      </symbol>
      <symbol id="sm-45">
         <name>UCA0STAT</name>
         <value>0x65</value>
      </symbol>
      <symbol id="sm-46">
         <name>UCA0RXBUF</name>
         <value>0x66</value>
      </symbol>
      <symbol id="sm-47">
         <name>UCA0TXBUF</name>
         <value>0x67</value>
      </symbol>
      <symbol id="sm-48">
         <name>UCA0ABCTL</name>
         <value>0x5d</value>
      </symbol>
      <symbol id="sm-49">
         <name>UCA0IRTCTL</name>
         <value>0x5e</value>
      </symbol>
      <symbol id="sm-4a">
         <name>UCA0IRRCTL</name>
         <value>0x5f</value>
      </symbol>
      <symbol id="sm-4b">
         <name>UCB0CTL0</name>
         <value>0x68</value>
      </symbol>
      <symbol id="sm-4c">
         <name>UCB0CTL1</name>
         <value>0x69</value>
      </symbol>
      <symbol id="sm-4d">
         <name>UCB0BR0</name>
         <value>0x6a</value>
      </symbol>
      <symbol id="sm-4e">
         <name>UCB0BR1</name>
         <value>0x6b</value>
      </symbol>
      <symbol id="sm-4f">
         <name>UCB0I2CIE</name>
         <value>0x6c</value>
      </symbol>
      <symbol id="sm-50">
         <name>UCB0STAT</name>
         <value>0x6d</value>
      </symbol>
      <symbol id="sm-51">
         <name>UCB0RXBUF</name>
         <value>0x6e</value>
      </symbol>
      <symbol id="sm-52">
         <name>UCB0TXBUF</name>
         <value>0x6f</value>
      </symbol>
      <symbol id="sm-53">
         <name>UCB0I2COA</name>
         <value>0x118</value>
      </symbol>
      <symbol id="sm-54">
         <name>UCB0I2CSA</name>
         <value>0x11a</value>
      </symbol>
      <symbol id="sm-55">
         <name>WDTCTL</name>
         <value>0x120</value>
      </symbol>
      <symbol id="sm-56">
         <name>CALDCO_16MHZ</name>
         <value>0x10f8</value>
      </symbol>
      <symbol id="sm-57">
         <name>CALBC1_16MHZ</name>
         <value>0x10f9</value>
      </symbol>
      <symbol id="sm-58">
         <name>CALDCO_12MHZ</name>
         <value>0x10fa</value>
      </symbol>
      <symbol id="sm-59">
         <name>CALBC1_12MHZ</name>
         <value>0x10fb</value>
      </symbol>
      <symbol id="sm-5a">
         <name>CALDCO_8MHZ</name>
         <value>0x10fc</value>
      </symbol>
      <symbol id="sm-5b">
         <name>CALBC1_8MHZ</name>
         <value>0x10fd</value>
      </symbol>
      <symbol id="sm-5c">
         <name>CALDCO_1MHZ</name>
         <value>0x10fe</value>
      </symbol>
      <symbol id="sm-5d">
         <name>CALBC1_1MHZ</name>
         <value>0x10ff</value>
      </symbol>
      <symbol id="sm-5e">
         <name>TLV_CHECKSUM</name>
         <value>0x10c0</value>
      </symbol>
      <symbol id="sm-5f">
         <name>TLV_DCO_30_TAG</name>
         <value>0x10f6</value>
      </symbol>
      <symbol id="sm-60">
         <name>TLV_DCO_30_LEN</name>
         <value>0x10f7</value>
      </symbol>
      <symbol id="sm-61">
         <name>TLV_ADC10_1_TAG</name>
         <value>0x10da</value>
      </symbol>
      <symbol id="sm-62">
         <name>TLV_ADC10_1_LEN</name>
         <value>0x10db</value>
      </symbol>
      <symbol id="sm-63">
         <name>__TI_CINIT_Base</name>
         <value>0xcca2</value>
      </symbol>
      <symbol id="sm-64">
         <name>__TI_CINIT_Limit</name>
         <value>0xccaa</value>
      </symbol>
      <symbol id="sm-65">
         <name>__TI_Handler_Table_Base</name>
         <value>0xcc98</value>
      </symbol>
      <symbol id="sm-66">
         <name>__TI_Handler_Table_Limit</name>
         <value>0xcc9e</value>
      </symbol>
      <symbol id="sm-67">
         <name>binit</name>
         <value>0xffffffff</value>
      </symbol>
      <symbol id="sm-68">
         <name>__binit__</name>
         <value>0xffffffff</value>
      </symbol>
      <symbol id="sm-69">
         <name>__STACK_SIZE</name>
         <value>0x50</value>
      </symbol>
      <symbol id="sm-6a">
         <name>__STACK_END</name>
         <value>0x400</value>
      </symbol>
      <symbol id="sm-6b">
         <name>__c_args__</name>
         <value>0xffffffff</value>
      </symbol>
      <symbol id="sm-d3">
         <name>clrMsg</name>
         <value>0xc936</value>
         <object_component_ref idref="oc-19b"/>
      </symbol>
      <symbol id="sm-d4">
         <name>pString</name>
         <value>0x240</value>
         <object_component_ref idref="oc-16b"/>
      </symbol>
      <symbol id="sm-d5">
         <name>pString1</name>
         <value>0x26c</value>
         <object_component_ref idref="oc-17a"/>
      </symbol>
      <symbol id="sm-d6">
         <name>main</name>
         <value>0xc116</value>
         <object_component_ref idref="oc-ef"/>
      </symbol>
      <symbol id="sm-d7">
         <name>uartParameter</name>
         <value>0x26e</value>
         <object_component_ref idref="oc-17a"/>
      </symbol>
      <symbol id="sm-d8">
         <name>splitUartMsg</name>
         <value>0xc912</value>
         <object_component_ref idref="oc-174"/>
      </symbol>
      <symbol id="sm-124">
         <name>initEncoders</name>
         <value>0xc6f6</value>
         <object_component_ref idref="oc-158"/>
      </symbol>
      <symbol id="sm-125">
         <name>ENCODER_1A_flag</name>
         <value>0x263</value>
         <object_component_ref idref="oc-121"/>
      </symbol>
      <symbol id="sm-126">
         <name>ENCODER_1B_flag</name>
         <value>0x262</value>
         <object_component_ref idref="oc-121"/>
      </symbol>
      <symbol id="sm-127">
         <name>ENCODER2_COUNT</name>
         <value>0x267</value>
         <object_component_ref idref="oc-121"/>
      </symbol>
      <symbol id="sm-128">
         <name>__TI_int02</name>
         <value>0xffe4</value>
         <object_component_ref idref="oc-3f"/>
      </symbol>
      <symbol id="sm-129">
         <name>__TI_int03</name>
         <value>0xffe6</value>
         <object_component_ref idref="oc-40"/>
      </symbol>
      <symbol id="sm-12a">
         <name>PORT1_ISR</name>
         <value>0xc33a</value>
         <object_component_ref idref="oc-b0"/>
      </symbol>
      <symbol id="sm-12b">
         <name>initButtons</name>
         <value>0xc898</value>
         <object_component_ref idref="oc-152"/>
      </symbol>
      <symbol id="sm-12c">
         <name>sw2_flag</name>
         <value>0x261</value>
         <object_component_ref idref="oc-121"/>
      </symbol>
      <symbol id="sm-12d">
         <name>sw1_flag</name>
         <value>0x260</value>
         <object_component_ref idref="oc-121"/>
      </symbol>
      <symbol id="sm-12e">
         <name>encoder1State</name>
         <value>0xc840</value>
         <object_component_ref idref="oc-189"/>
      </symbol>
      <symbol id="sm-12f">
         <name>encoder2State</name>
         <value>0xc86c</value>
         <object_component_ref idref="oc-183"/>
      </symbol>
      <symbol id="sm-130">
         <name>PORT2_ISR</name>
         <value>0xc3ac</value>
         <object_component_ref idref="oc-b6"/>
      </symbol>
      <symbol id="sm-131">
         <name>ENCODER1_COUNT</name>
         <value>0x264</value>
         <object_component_ref idref="oc-121"/>
      </symbol>
      <symbol id="sm-132">
         <name>ENCODER_2A_flag</name>
         <value>0x266</value>
         <object_component_ref idref="oc-121"/>
      </symbol>
      <symbol id="sm-133">
         <name>ENCODER_2B_flag</name>
         <value>0x265</value>
         <object_component_ref idref="oc-121"/>
      </symbol>
      <symbol id="sm-148">
         <name>initTriacs</name>
         <value>0xc734</value>
         <object_component_ref idref="oc-14c"/>
      </symbol>
      <symbol id="sm-149">
         <name>tglTriac</name>
         <value>0xc7de</value>
         <object_component_ref idref="oc-18f"/>
      </symbol>
      <symbol id="sm-19d">
         <name>tx_flag</name>
         <value>0x274</value>
      </symbol>
      <symbol id="sm-19e">
         <name>tx_char</name>
         <value>0x276</value>
      </symbol>
      <symbol id="sm-19f">
         <name>rx_flag</name>
         <value>0x272</value>
      </symbol>
      <symbol id="sm-1a0">
         <name>USCI0RX_ISR</name>
         <value>0xca3a</value>
         <object_component_ref idref="oc-c2"/>
      </symbol>
      <symbol id="sm-1a1">
         <name>USCI0TX_ISR</name>
         <value>0xca94</value>
         <object_component_ref idref="oc-bc"/>
      </symbol>
      <symbol id="sm-1a2">
         <name>__TI_int06</name>
         <value>0xffec</value>
         <object_component_ref idref="oc-42"/>
      </symbol>
      <symbol id="sm-1a3">
         <name>__TI_int07</name>
         <value>0xffee</value>
         <object_component_ref idref="oc-43"/>
      </symbol>
      <symbol id="sm-1a4">
         <name>uart_puts</name>
         <value>0xca82</value>
         <object_component_ref idref="oc-165"/>
      </symbol>
      <symbol id="sm-1a5">
         <name>uart_putc</name>
         <value>0xca26</value>
         <object_component_ref idref="oc-1d1"/>
      </symbol>
      <symbol id="sm-1a6">
         <name>rxCount</name>
         <value>0x268</value>
         <object_component_ref idref="oc-12b"/>
      </symbol>
      <symbol id="sm-1a7">
         <name>uart_gets</name>
         <value>0xc576</value>
         <object_component_ref idref="oc-16e"/>
      </symbol>
      <symbol id="sm-1a8">
         <name>uart_getc</name>
         <value>0xcab4</value>
         <object_component_ref idref="oc-1db"/>
      </symbol>
      <symbol id="sm-1a9">
         <name>initUart</name>
         <value>0xc7aa</value>
         <object_component_ref idref="oc-15e"/>
      </symbol>
      <symbol id="sm-1aa">
         <name>setClk</name>
         <value>0xc2b0</value>
         <object_component_ref idref="oc-146"/>
      </symbol>
      <symbol id="sm-1ab">
         <name>rxChar</name>
         <value>0x26a</value>
         <object_component_ref idref="oc-12b"/>
      </symbol>
      <symbol id="sm-1be">
         <name>atoi</name>
         <value>0xc524</value>
         <object_component_ref idref="oc-1e8"/>
      </symbol>
      <symbol id="sm-1c7">
         <name>_stack</name>
         <value>0x3b0</value>
         <object_component_ref idref="oc-8d"/>
      </symbol>
      <symbol id="sm-1c8">
         <name>_reset_vector</name>
         <value>0xfffe</value>
         <object_component_ref idref="oc-90"/>
      </symbol>
      <symbol id="sm-1d3">
         <name>_c_int00_noargs_noexit</name>
         <value>0xc956</value>
         <object_component_ref idref="oc-69"/>
      </symbol>
      <symbol id="sm-1e9">
         <name>__TI_decompress_none</name>
         <value>0xca5e</value>
         <object_component_ref idref="oc-32"/>
      </symbol>
      <symbol id="sm-20b">
         <name>__TI_decompress_rle24</name>
         <value>0xcad8</value>
         <object_component_ref idref="oc-38"/>
      </symbol>
      <symbol id="sm-21e">
         <name>__TI_zero_init</name>
         <value>0xc9ea</value>
         <object_component_ref idref="oc-4b"/>
      </symbol>
      <symbol id="sm-228">
         <name>_ctypes_</name>
         <value>0xcae6</value>
         <object_component_ref idref="oc-229"/>
      </symbol>
      <symbol id="sm-231">
         <name>__mspabi_func_epilog_2</name>
         <value>0xcaae</value>
         <object_component_ref idref="oc-118"/>
      </symbol>
      <symbol id="sm-232">
         <name>__mspabi_func_epilog_3</name>
         <value>0xcaac</value>
         <object_component_ref idref="oc-118"/>
      </symbol>
      <symbol id="sm-233">
         <name>__mspabi_func_epilog_1</name>
         <value>0xcab0</value>
         <object_component_ref idref="oc-118"/>
      </symbol>
      <symbol id="sm-234">
         <name>__mspabi_func_epilog_6</name>
         <value>0xcaa6</value>
         <object_component_ref idref="oc-118"/>
      </symbol>
      <symbol id="sm-235">
         <name>__mspabi_func_epilog_7</name>
         <value>0xcaa4</value>
         <object_component_ref idref="oc-118"/>
      </symbol>
      <symbol id="sm-236">
         <name>__mspabi_func_epilog_4</name>
         <value>0xcaaa</value>
         <object_component_ref idref="oc-118"/>
      </symbol>
      <symbol id="sm-237">
         <name>__mspabi_func_epilog_5</name>
         <value>0xcaa8</value>
         <object_component_ref idref="oc-118"/>
      </symbol>
      <symbol id="sm-242">
         <name>C$$EXIT</name>
         <value>0xcae2</value>
         <object_component_ref idref="oc-f7"/>
      </symbol>
      <symbol id="sm-243">
         <name>abort</name>
         <value>0xcae2</value>
         <object_component_ref idref="oc-f7"/>
      </symbol>
      <symbol id="sm-247">
         <name>__TI_int00</name>
         <value>0xffe0</value>
         <object_component_ref idref="oc-3e"/>
      </symbol>
      <symbol id="sm-24a">
         <name>__TI_int05</name>
         <value>0xffea</value>
         <object_component_ref idref="oc-41"/>
      </symbol>
      <symbol id="sm-24d">
         <name>__TI_int08</name>
         <value>0xfff0</value>
         <object_component_ref idref="oc-44"/>
      </symbol>
      <symbol id="sm-250">
         <name>__TI_int09</name>
         <value>0xfff2</value>
         <object_component_ref idref="oc-45"/>
      </symbol>
      <symbol id="sm-253">
         <name>__TI_int10</name>
         <value>0xfff4</value>
         <object_component_ref idref="oc-46"/>
      </symbol>
      <symbol id="sm-256">
         <name>__TI_int11</name>
         <value>0xfff6</value>
         <object_component_ref idref="oc-47"/>
      </symbol>
      <symbol id="sm-259">
         <name>__TI_int12</name>
         <value>0xfff8</value>
         <object_component_ref idref="oc-48"/>
      </symbol>
      <symbol id="sm-25c">
         <name>__TI_int13</name>
         <value>0xfffa</value>
         <object_component_ref idref="oc-49"/>
      </symbol>
      <symbol id="sm-25f">
         <name>__TI_int14</name>
         <value>0xfffc</value>
         <object_component_ref idref="oc-4a"/>
      </symbol>
      <symbol id="sm-267">
         <name>__TI_ISR_TRAP</name>
         <value>0xcad2</value>
         <object_component_ref idref="oc-ab"/>
      </symbol>
      <symbol id="sm-275">
         <name>memcpy</name>
         <value>0xca70</value>
         <object_component_ref idref="oc-91"/>
      </symbol>
      <symbol id="sm-283">
         <name>memset</name>
         <value>0xc9fe</value>
         <object_component_ref idref="oc-203"/>
      </symbol>
      <symbol id="sm-28e">
         <name>__mspabi_mpyi_sw</name>
         <value>0xca12</value>
         <object_component_ref idref="oc-224"/>
      </symbol>
      <symbol id="sm-28f">
         <name>__mspabi_mpyi</name>
         <value>0xca12</value>
         <object_component_ref idref="oc-224"/>
      </symbol>
      <symbol id="sm-298">
         <name>_system_pre_init</name>
         <value>0xcade</value>
         <object_component_ref idref="oc-cf"/>
      </symbol>
      <symbol id="sm-2b9">
         <name>sprintf</name>
         <value>0xc772</value>
         <object_component_ref idref="oc-1f5"/>
      </symbol>
      <symbol id="sm-2c7">
         <name>strcmp</name>
         <value>0xc9bc</value>
         <object_component_ref idref="oc-17d"/>
      </symbol>
      <symbol id="sm-2d4">
         <name>strlen</name>
         <value>0xcac4</value>
         <object_component_ref idref="oc-195"/>
      </symbol>
      <symbol id="sm-2e9">
         <name>strtok</name>
         <value>0xc614</value>
         <object_component_ref idref="oc-1e2"/>
      </symbol>
      <symbol id="sm-351">
         <name>__TI_printfi_minimal</name>
         <value>0xc1e6</value>
         <object_component_ref idref="oc-23c"/>
      </symbol>
      <symbol id="sm-36a">
         <name>_auto_init</name>
         <value>0xc476</value>
         <object_component_ref idref="oc-d5"/>
      </symbol>
      <symbol id="sm-374">
         <name>__mspabi_remu</name>
         <value>0xc9d4</value>
         <object_component_ref idref="oc-2b5"/>
      </symbol>
      <symbol id="sm-375">
         <name>__mspabi_divu</name>
         <value>0xc9d4</value>
         <object_component_ref idref="oc-2b5"/>
      </symbol>
      <symbol id="sm-37d">
         <name>__mspabi_srli_8</name>
         <value>0xc68c</value>
         <object_component_ref idref="oc-2b0"/>
      </symbol>
      <symbol id="sm-37e">
         <name>__mspabi_srli_9</name>
         <value>0xc688</value>
         <object_component_ref idref="oc-2b0"/>
      </symbol>
      <symbol id="sm-37f">
         <name>__mspabi_srli_6</name>
         <value>0xc694</value>
         <object_component_ref idref="oc-2b0"/>
      </symbol>
      <symbol id="sm-380">
         <name>__mspabi_srli_7</name>
         <value>0xc690</value>
         <object_component_ref idref="oc-2b0"/>
      </symbol>
      <symbol id="sm-381">
         <name>__mspabi_srli_4</name>
         <value>0xc69c</value>
         <object_component_ref idref="oc-2b0"/>
      </symbol>
      <symbol id="sm-382">
         <name>__mspabi_srli_5</name>
         <value>0xc698</value>
         <object_component_ref idref="oc-2b0"/>
      </symbol>
      <symbol id="sm-383">
         <name>__mspabi_srli_2</name>
         <value>0xc6a4</value>
         <object_component_ref idref="oc-2b0"/>
      </symbol>
      <symbol id="sm-384">
         <name>__mspabi_srli_3</name>
         <value>0xc6a0</value>
         <object_component_ref idref="oc-2b0"/>
      </symbol>
      <symbol id="sm-385">
         <name>__mspabi_srli_1</name>
         <value>0xc6a8</value>
         <object_component_ref idref="oc-2b0"/>
      </symbol>
      <symbol id="sm-386">
         <name>__mspabi_srli</name>
         <value>0xc662</value>
         <object_component_ref idref="oc-2b0"/>
      </symbol>
      <symbol id="sm-387">
         <name>__mspabi_srli_15</name>
         <value>0xc670</value>
         <object_component_ref idref="oc-2b0"/>
      </symbol>
      <symbol id="sm-388">
         <name>__mspabi_srli_14</name>
         <value>0xc674</value>
         <object_component_ref idref="oc-2b0"/>
      </symbol>
      <symbol id="sm-389">
         <name>__mspabi_srli_13</name>
         <value>0xc678</value>
         <object_component_ref idref="oc-2b0"/>
      </symbol>
      <symbol id="sm-38a">
         <name>__mspabi_srli_12</name>
         <value>0xc67c</value>
         <object_component_ref idref="oc-2b0"/>
      </symbol>
      <symbol id="sm-38b">
         <name>__mspabi_srli_11</name>
         <value>0xc680</value>
         <object_component_ref idref="oc-2b0"/>
      </symbol>
      <symbol id="sm-38c">
         <name>__mspabi_srli_10</name>
         <value>0xc684</value>
         <object_component_ref idref="oc-2b0"/>
      </symbol>
      <symbol id="sm-39b">
         <name>memccpy</name>
         <value>0xc98a</value>
         <object_component_ref idref="oc-288"/>
      </symbol>
      <symbol id="sm-3ab">
         <name>strcspn</name>
         <value>0xc8c2</value>
         <object_component_ref idref="oc-21c"/>
      </symbol>
      <symbol id="sm-3bd">
         <name>strspn</name>
         <value>0xc8ea</value>
         <object_component_ref idref="oc-216"/>
      </symbol>
      <symbol id="sm-3c0">
         <name>__TI_INITARRAY_Base</name>
         <value>0x0</value>
      </symbol>
      <symbol id="sm-3c1">
         <name>__TI_INITARRAY_Limit</name>
         <value>0x0</value>
      </symbol>
   </symbol_table>
   <title>Link successful</title>
</link_info>
